Component: ARM Compiler 5.06 update 2 (build 183) Tool: armlink [4d35b7]

==============================================================================

Section Cross References

    system_stm32f1xx.o(i.SystemCoreClockUpdate) refers to system_stm32f1xx.o(.data) for .data
    system_stm32f1xx.o(i.SystemCoreClockUpdate) refers to system_stm32f1xx.o(.constdata) for .constdata
    ip_addr.o(i.ip4_addr_netmask_valid) refers to def.o(i.lwip_htonl) for lwip_htonl
    ip_addr.o(i.ipaddr_addr) refers to ip_addr.o(i.ipaddr_aton) for ipaddr_aton
    ip_addr.o(i.ipaddr_aton) refers to def.o(i.lwip_htonl) for lwip_htonl
    ip_addr.o(i.ipaddr_ntoa) refers to ip_addr.o(i.ipaddr_ntoa_r) for ipaddr_ntoa_r
    ip_addr.o(i.ipaddr_ntoa) refers to ip_addr.o(.bss) for .bss
    ip_frag.o(i.ip_frag) refers to def.o(i.lwip_ntohs) for lwip_ntohs
    ip_frag.o(i.ip_frag) refers to pbuf.o(i.pbuf_alloc) for pbuf_alloc
    ip_frag.o(i.ip_frag) refers to memcpya.o(.text) for __aeabi_memcpy
    ip_frag.o(i.ip_frag) refers to memp.o(i.memp_malloc) for memp_malloc
    ip_frag.o(i.ip_frag) refers to pbuf.o(i.pbuf_alloced_custom) for pbuf_alloced_custom
    ip_frag.o(i.ip_frag) refers to pbuf.o(i.pbuf_ref) for pbuf_ref
    ip_frag.o(i.ip_frag) refers to pbuf.o(i.pbuf_cat) for pbuf_cat
    ip_frag.o(i.ip_frag) refers to def.o(i.lwip_htons) for lwip_htons
    ip_frag.o(i.ip_frag) refers to inet_chksum.o(i.inet_chksum) for inet_chksum
    ip_frag.o(i.ip_frag) refers to pbuf.o(i.pbuf_free) for pbuf_free
    ip_frag.o(i.ip_frag) refers to ip_frag.o(i.ip_frag_free_pbuf_custom_ref) for ip_frag_free_pbuf_custom_ref
    ip_frag.o(i.ip_frag) refers to ip_frag.o(i.ipfrag_free_pbuf_custom) for ipfrag_free_pbuf_custom
    ip_frag.o(i.ip_frag_free_pbuf_custom_ref) refers to memp.o(i.memp_free) for memp_free
    ip_frag.o(i.ip_reass) refers to def.o(i.lwip_ntohs) for lwip_ntohs
    ip_frag.o(i.ip_reass) refers to pbuf.o(i.pbuf_clen) for pbuf_clen
    ip_frag.o(i.ip_reass) refers to ip_frag.o(i.ip_reass_remove_oldest_datagram) for ip_reass_remove_oldest_datagram
    ip_frag.o(i.ip_reass) refers to memp.o(i.memp_malloc) for memp_malloc
    ip_frag.o(i.ip_reass) refers to memseta.o(.text) for __aeabi_memclr4
    ip_frag.o(i.ip_reass) refers to memcpya.o(.text) for __aeabi_memcpy
    ip_frag.o(i.ip_reass) refers to ip_frag.o(i.ip_reass_chain_frag_into_datagram_and_validate) for ip_reass_chain_frag_into_datagram_and_validate
    ip_frag.o(i.ip_reass) refers to def.o(i.lwip_htons) for lwip_htons
    ip_frag.o(i.ip_reass) refers to inet_chksum.o(i.inet_chksum) for inet_chksum
    ip_frag.o(i.ip_reass) refers to pbuf.o(i.pbuf_header) for pbuf_header
    ip_frag.o(i.ip_reass) refers to pbuf.o(i.pbuf_cat) for pbuf_cat
    ip_frag.o(i.ip_reass) refers to ip_frag.o(i.ip_reass_dequeue_datagram) for ip_reass_dequeue_datagram
    ip_frag.o(i.ip_reass) refers to pbuf.o(i.pbuf_free) for pbuf_free
    ip_frag.o(i.ip_reass) refers to ip_frag.o(.data) for .data
    ip_frag.o(i.ip_reass_chain_frag_into_datagram_and_validate) refers to def.o(i.lwip_ntohs) for lwip_ntohs
    ip_frag.o(i.ip_reass_chain_frag_into_datagram_and_validate) refers to pbuf.o(i.pbuf_clen) for pbuf_clen
    ip_frag.o(i.ip_reass_chain_frag_into_datagram_and_validate) refers to pbuf.o(i.pbuf_free) for pbuf_free
    ip_frag.o(i.ip_reass_chain_frag_into_datagram_and_validate) refers to ip_frag.o(.data) for .data
    ip_frag.o(i.ip_reass_dequeue_datagram) refers to memp.o(i.memp_free) for memp_free
    ip_frag.o(i.ip_reass_dequeue_datagram) refers to ip_frag.o(.data) for .data
    ip_frag.o(i.ip_reass_free_complete_datagram) refers to memcpya.o(.text) for __aeabi_memcpy
    ip_frag.o(i.ip_reass_free_complete_datagram) refers to icmp.o(i.icmp_time_exceeded) for icmp_time_exceeded
    ip_frag.o(i.ip_reass_free_complete_datagram) refers to pbuf.o(i.pbuf_clen) for pbuf_clen
    ip_frag.o(i.ip_reass_free_complete_datagram) refers to pbuf.o(i.pbuf_free) for pbuf_free
    ip_frag.o(i.ip_reass_free_complete_datagram) refers to ip_frag.o(i.ip_reass_dequeue_datagram) for ip_reass_dequeue_datagram
    ip_frag.o(i.ip_reass_free_complete_datagram) refers to ip_frag.o(.data) for .data
    ip_frag.o(i.ip_reass_remove_oldest_datagram) refers to ip_frag.o(i.ip_reass_free_complete_datagram) for ip_reass_free_complete_datagram
    ip_frag.o(i.ip_reass_remove_oldest_datagram) refers to ip_frag.o(.data) for .data
    ip_frag.o(i.ip_reass_tmr) refers to ip_frag.o(i.ip_reass_free_complete_datagram) for ip_reass_free_complete_datagram
    ip_frag.o(i.ip_reass_tmr) refers to ip_frag.o(.data) for .data
    ip_frag.o(i.ipfrag_free_pbuf_custom) refers to pbuf.o(i.pbuf_free) for pbuf_free
    ip_frag.o(i.ipfrag_free_pbuf_custom) refers to ip_frag.o(i.ip_frag_free_pbuf_custom_ref) for ip_frag_free_pbuf_custom_ref
    pbuf.o(i.pbuf_alloc) refers to memp.o(i.memp_malloc) for memp_malloc
    pbuf.o(i.pbuf_alloc) refers to pbuf.o(i.pbuf_free) for pbuf_free
    pbuf.o(i.pbuf_alloc) refers to mem.o(i.mem_malloc) for mem_malloc
[...]
    ..\Middlewares\Third_Party\LwIP\src\core\init.c 0x00000000   Number         0  init.o ABSOLUTE
    ..\Middlewares\Third_Party\LwIP\src\core\ipv4\autoip.c 0x00000000   Number         0  autoip.o ABSOLUTE
    ..\Middlewares\Third_Party\LwIP\src\core\ipv4\icmp.c 0x00000000   Number         0  icmp.o ABSOLUTE
    ..\Middlewares\Third_Party\LwIP\src\core\ipv4\igmp.c 0x00000000   Number         0  igmp.o ABSOLUTE
    ..\Middlewares\Third_Party\LwIP\src\core\ipv4\inet.c 0x00000000   Number         0  inet.o ABSOLUTE
    ..\Middlewares\Third_Party\LwIP\src\core\ipv4\inet_chksum.c 0x00000000   Number         0  inet_chksum.o ABSOLUTE
    ..\Middlewares\Third_Party\LwIP\src\core\ipv4\ip.c 0x00000000   Number         0  ip.o ABSOLUTE
    ..\Middlewares\Third_Party\LwIP\src\core\ipv4\ip_addr.c 0x00000000   Number         0  ip_addr.o ABSOLUTE
    ..\Middlewares\Third_Party\LwIP\src\core\ipv4\ip_frag.c 0x00000000   Number         0  ip_frag.o ABSOLUTE
    ..\Middlewares\Third_Party\LwIP\src\core\lwip_timers.c 0x00000000   Number         0  lwip_timers.o ABSOLUTE
    ..\Middlewares\Third_Party\LwIP\src\core\mem.c 0x00000000   Number         0  mem.o ABSOLUTE
    ..\Middlewares\Third_Party\LwIP\src\core\memp.c 0x00000000   Number         0  memp.o ABSOLUTE
    ..\Middlewares\Third_Party\LwIP\src\core\netif.c 0x00000000   Number         0  netif.o ABSOLUTE
    ..\Middlewares\Third_Party\LwIP\src\core\pbuf.c 0x00000000   Number         0  pbuf.o ABSOLUTE
    ..\Middlewares\Third_Party\LwIP\src\core\raw.c 0x00000000   Number         0  raw.o ABSOLUTE
    ..\Middlewares\Third_Party\LwIP\src\core\snmp\asn1_dec.c 0x00000000   Number         0  asn1_dec.o ABSOLUTE
    ..\Middlewares\Third_Party\LwIP\src\core\snmp\asn1_enc.c 0x00000000   Number         0  asn1_enc.o ABSOLUTE
    ..\Middlewares\Third_Party\LwIP\src\core\snmp\mib2.c 0x00000000   Number         0  mib2.o ABSOLUTE
    ..\Middlewares\Third_Party\LwIP\src\core\snmp\mib_structs.c 0x00000000   Number         0  mib_structs.o ABSOLUTE
    ..\Middlewares\Third_Party\LwIP\src\core\snmp\msg_in.c 0x00000000   Number         0  msg_in.o ABSOLUTE
    ..\Middlewares\Third_Party\LwIP\src\core\snmp\msg_out.c 0x00000000   Number         0  msg_out.o ABSOLUTE
    ..\Middlewares\Third_Party\LwIP\src\core\stats.c 0x00000000   Number         0  stats.o ABSOLUTE
    ..\Middlewares\Third_Party\LwIP\src\core\sys.c 0x00000000   Number         0  sys.o ABSOLUTE
    ..\Middlewares\Third_Party\LwIP\src\core\tcp.c 0x00000000   Number         0  tcp.o ABSOLUTE
    ..\Middlewares\Third_Party\LwIP\src\core\tcp_in.c 0x00000000   Number         0  tcp_in.o ABSOLUTE
    ..\Middlewares\Third_Party\LwIP\src\core\tcp_out.c 0x00000000   Number         0  tcp_out.o ABSOLUTE
    ..\Middlewares\Third_Party\LwIP\src\core\udp.c 0x00000000   Number         0  udp.o ABSOLUTE
    ..\Middlewares\Third_Party\LwIP\src\netif\etharp.c 0x00000000   Number         0  etharp.o ABSOLUTE
    ..\Middlewares\Third_Party\LwIP\src\netif\ppp\auth.c 0x00000000   Number         0  auth.o ABSOLUTE
    ..\Middlewares\Third_Party\LwIP\src\netif\ppp\chap.c 0x00000000   Number         0  chap.o ABSOLUTE
    ..\Middlewares\Third_Party\LwIP\src\netif\ppp\chpms.c 0x00000000   Number         0  chpms.o ABSOLUTE
    ..\Middlewares\Third_Party\LwIP\src\netif\ppp\fsm.c 0x00000000   Number         0  fsm.o ABSOLUTE
    ..\Middlewares\Third_Party\LwIP\src\netif\ppp\ipcp.c 0x00000000   Number         0  ipcp.o ABSOLUTE
    ..\Middlewares\Third_Party\LwIP\src\netif\ppp\lcp.c 0x00000000   Number         0  lcp.o ABSOLUTE
    ..\Middlewares\Third_Party\LwIP\src\netif\ppp\magic.c 0x00000000   Number         0  magic.o ABSOLUTE
    ..\Middlewares\Third_Party\LwIP\src\netif\ppp\md5.c 0x00000000   Number         0  md5.o ABSOLUTE
    ..\Middlewares\Third_Party\LwIP\src\netif\ppp\pap.c 0x00000000   Number         0  pap.o ABSOLUTE
    ..\Middlewares\Third_Party\LwIP\src\netif\ppp\ppp.c 0x00000000   Number         0  ppp.o ABSOLUTE
    ..\Middlewares\Third_Party\LwIP\src\netif\ppp\ppp_oe.c 0x00000000   Number         0  ppp_oe.o ABSOLUTE
    ..\Middlewares\Third_Party\LwIP\src\netif\ppp\randm.c 0x00000000   Number         0  randm.o ABSOLUTE
    ..\Middlewares\Third_Party\LwIP\src\netif\ppp\vj.c 0x00000000   Number         0  vj.o ABSOLUTE
    ..\Middlewares\Third_Party\LwIP\src\netif\slipif.c 0x00000000   Number         0  slipif.o ABSOLUTE
    ..\Src\ethernetif.c                      0x00000000   Number         0  ethernetif.o ABSOLUTE
    ..\Src\lwip.c                            0x00000000   Number         0  lwip.o ABSOLUTE
    ..\Src\main.c                            0x00000000   Number         0  main.o ABSOLUTE
    ..\Src\stm32f1xx_hal_msp.c               0x00000000   Number         0  stm32f1xx_hal_msp.o ABSOLUTE
    ..\Src\stm32f1xx_it.c                    0x00000000   Number         0  stm32f1xx_it.o ABSOLUTE
    ..\Src\system_stm32f1xx.c                0x00000000   Number         0  system_stm32f1xx.o ABSOLUTE
    ..\Src\tcp_server.c                      0x00000000   Number         0  tcp_server.o ABSOLUTE
    ..\\Src\\tcp_server.c                    0x00000000   Number         0  tcp_server.o ABSOLUTE
    dc.s                                     0x00000000   Number         0  dc.o ABSOLUTE
    handlers.s                               0x00000000   Number         0  handlers.o ABSOLUTE
    init.s                                   0x00000000   Number         0  init.o ABSOLUTE
    startup_stm32f107xc.s                    0x00000000   Number         0  startup_stm32f107xc.o ABSOLUTE
    RESET                                    0x08000000   Section      336  startup_stm32f107xc.o(RESET)
    .ARM.Collect$$$$00000000                 0x08000150   Section        0  entry.o(.ARM.Collect$$$$00000000)
    .ARM.Collect$$$$00000001                 0x08000150   Section        4  entry2.o(.ARM.Collect$$$$00000001)
    .ARM.Collect$$$$00000004                 0x08000154   Section        4  entry5.o(.ARM.Collect$$$$00000004)
    .ARM.Collect$$$$00000008                 0x08000158   Section        0  entry7b.o(.ARM.Collect$$$$00000008)
    .ARM.Collect$$$$0000000A                 0x08000158   Section        0  entry8b.o(.ARM.Collect$$$$0000000A)
    .ARM.Collect$$$$0000000B                 0x08000158   Section        8  entry9a.o(.ARM.Collect$$$$0000000B)
    .ARM.Collect$$$$0000000D                 0x08000160   Section        0  entry10a.o(.ARM.Collect$$$$0000000D)
    .ARM.Collect$$$$0000000F                 0x08000160   Section        0  entry11a.o(.ARM.Collect$$$$0000000F)
    .ARM.Collect$$$$00002712                 0x08000160   Section        4  entry2.o(.ARM.Collect$$$$00002712)
    __lit__00000000                          0x08000160   Data           4  entry2.o(.ARM.Collect$$$$00002712)
    .text                                    0x08000164   Section       36  startup_stm32f107xc.o(.text)
    .text                                    0x08000188   Section        0  memcpya.o(.text)
    .text                                    0x080001ac   Section        0  memseta.o(.text)
    .text                                    0x080001d0   Section        0  memcmp.o(.text)
    .text                                    0x080001ea   Section        0  strncmp.o(.text)
    .text                                    0x08000208   Section       36  init.o(.text)
    i.BusFault_Handler                       0x0800022c   Section        0  stm32f1xx_it.o(i.BusFault_Handler)
    i.DebugMon_Handler                       0x0800022e   Section        0  stm32f1xx_it.o(i.DebugMon_Handler)
    i.ETH_FlushTransmitFIFO                  0x08000230   Section        0  stm32f1xx_hal_eth.o(i.ETH_FlushTransmitFIFO)
    ETH_FlushTransmitFIFO                    0x08000231   Thumb Code    46  stm32f1xx_hal_eth.o(i.ETH_FlushTransmitFIFO)
    i.ETH_IRQHandler                         0x08000260   Section        0  stm32f1xx_it.o(i.ETH_IRQHandler)
    i.ETH_MACDMAConfig                       0x0800026c   Section        0  stm32f1xx_hal_eth.o(i.ETH_MACDMAConfig)
    ETH_MACDMAConfig                         0x0800026d   Thumb Code   266  stm32f1xx_hal_eth.o(i.ETH_MACDMAConfig)
    i.ETH_WKUP_IRQHandler                    0x08000390   Section        0  stm32f1xx_it.o(i.ETH_WKUP_IRQHandler)
    i.HAL_Delay                              0x0800039c   Section        0  stm32f1xx_hal.o(i.HAL_Delay)
    i.HAL_ETH_DMARxDescListInit              0x080003b2   Section        0  stm32f1xx_hal_eth.o(i.HAL_ETH_DMARxDescListInit)
    i.HAL_ETH_DMATxDescListInit              0x08000426   Section        0  stm32f1xx_hal_eth.o(i.HAL_ETH_DMATxDescListInit)
    i.HAL_ETH_ErrorCallback                  0x0800049e   Section        0  stm32f1xx_hal_eth.o(i.HAL_ETH_ErrorCallback)
    i.HAL_ETH_GetReceivedFrame               0x080004a0   Section        0  stm32f1xx_hal_eth.o(i.HAL_ETH_GetReceivedFrame)
    i.HAL_ETH_IRQHandler                     0x0800051a   Section        0  stm32f1xx_hal_eth.o(i.HAL_ETH_IRQHandler)
    i.HAL_ETH_Init                           0x08000594   Section        0  stm32f1xx_hal_eth.o(i.HAL_ETH_Init)
    i.HAL_ETH_MspInit                        0x080007bc   Section        0  ethernetif.o(i.HAL_ETH_MspInit)
    i.HAL_ETH_ReadPHYRegister                0x08000894   Section        0  stm32f1xx_hal_eth.o(i.HAL_ETH_ReadPHYRegister)
    i.HAL_ETH_RxCpltCallback                 0x08000960   Section        0  stm32f1xx_hal_eth.o(i.HAL_ETH_RxCpltCallback)
    i.HAL_ETH_Start                          0x08000962   Section        0  stm32f1xx_hal_eth.o(i.HAL_ETH_Start)
    i.HAL_ETH_TransmitFrame                  0x080009e6   Section        0  stm32f1xx_hal_eth.o(i.HAL_ETH_TransmitFrame)
    i.HAL_ETH_TxCpltCallback                 0x08000aee   Section        0  stm32f1xx_hal_eth.o(i.HAL_ETH_TxCpltCallback)
    i.HAL_ETH_WritePHYRegister               0x08000af0   Section        0  stm32f1xx_hal_eth.o(i.HAL_ETH_WritePHYRegister)
    i.HAL_GPIO_Init                          0x08000bb4   Section        0  stm32f1xx_hal_gpio.o(i.HAL_GPIO_Init)
    i.HAL_GetTick                            0x08000ecc   Section        0  stm32f1xx_hal.o(i.HAL_GetTick)
    i.HAL_IncTick                            0x08000ed8   Section        0  stm32f1xx_hal.o(i.HAL_IncTick)
    i.HAL_Init                               0x08000ee8   Section        0  stm32f1xx_hal.o(i.HAL_Init)
    i.HAL_InitTick                           0x08000f0c   Section        0  stm32f1xx_hal.o(i.HAL_InitTick)
    i.HAL_MspInit                            0x08000f30   Section        0  stm32f1xx_hal_msp.o(i.HAL_MspInit)
    i.HAL_NVIC_EnableIRQ                     0x08000fb0   Section        0  stm32f1xx_hal_cortex.o(i.HAL_NVIC_EnableIRQ)
    i.HAL_NVIC_SetPriority                   0x08001010   Section        0  stm32f1xx_hal_cortex.o(i.HAL_NVIC_SetPriority)
    i.HAL_NVIC_SetPriorityGrouping           0x080010b0   Section        0  stm32f1xx_hal_cortex.o(i.HAL_NVIC_SetPriorityGrouping)
    i.HAL_RCC_ClockConfig                    0x08001130   Section        0  stm32f1xx_hal_rcc.o(i.HAL_RCC_ClockConfig)
    i.HAL_RCC_GetHCLKFreq                    0x080013bc   Section        0  stm32f1xx_hal_rcc.o(i.HAL_RCC_GetHCLKFreq)
    i.HAL_RCC_GetSysClockFreq                0x080013c8   Section        0  stm32f1xx_hal_rcc.o(i.HAL_RCC_GetSysClockFreq)
    i.HAL_RCC_MCOConfig                      0x080014a4   Section        0  stm32f1xx_hal_rcc.o(i.HAL_RCC_MCOConfig)
    i.HAL_RCC_OscConfig                      0x08001584   Section        0  stm32f1xx_hal_rcc.o(i.HAL_RCC_OscConfig)
    i.HAL_SYSTICK_CLKSourceConfig            0x08001eb4   Section        0  stm32f1xx_hal_cortex.o(i.HAL_SYSTICK_CLKSourceConfig)
    i.HAL_SYSTICK_Callback                   0x08001f18   Section        0  stm32f1xx_hal_cortex.o(i.HAL_SYSTICK_Callback)
    i.HAL_SYSTICK_Config                     0x08001f1a   Section        0  stm32f1xx_hal_cortex.o(i.HAL_SYSTICK_Config)
    i.HAL_SYSTICK_IRQHandler                 0x08001f42   Section        0  stm32f1xx_hal_cortex.o(i.HAL_SYSTICK_IRQHandler)
    i.HardFault_Handler                      0x08001f4a   Section        0  stm32f1xx_it.o(i.HardFault_Handler)
    i.MX_LWIP_Init                           0x08001f4c   Section        0  lwip.o(i.MX_LWIP_Init)
    i.MX_LWIP_Process                        0x08001ff4   Section        0  lwip.o(i.MX_LWIP_Process)
    i.MemManage_Handler                      0x08002008   Section        0  stm32f1xx_it.o(i.MemManage_Handler)
    i.NMI_Handler                            0x0800200a   Section        0  stm32f1xx_it.o(i.NMI_Handler)
    i.NVIC_SetPriority                       0x0800200c   Section        0  stm32f1xx_hal_cortex.o(i.NVIC_SetPriority)
    NVIC_SetPriority                         0x0800200d   Thumb Code    32  stm32f1xx_hal_cortex.o(i.NVIC_SetPriority)
    i.PendSV_Handler                         0x0800202c   Section        0  stm32f1xx_it.o(i.PendSV_Handler)
    i.SVC_Handler                            0x0800202e   Section        0  stm32f1xx_it.o(i.SVC_Handler)
    i.SysTick_Handler                        0x08002030   Section        0  stm32f1xx_it.o(i.SysTick_Handler)
    i.SystemClock_Config                     0x08002040   Section        0  main.o(i.SystemClock_Config)
    i.SystemInit                             0x080020d0   Section        0  system_stm32f1xx.o(i.SystemInit)
    i.TCP_server_init                        0x08002124   Section        0  tcp_server.o(i.TCP_server_init)
    i.UsageFault_Handler                     0x0800215c   Section        0  stm32f1xx_it.o(i.UsageFault_Handler)
    i.__scatterload_copy                     0x0800215e   Section       14  handlers.o(i.__scatterload_copy)
    i.__scatterload_null                     0x0800216c   Section        2  handlers.o(i.__scatterload_null)
    i.__scatterload_zeroinit                 0x0800216e   Section       14  handlers.o(i.__scatterload_zeroinit)
    i.arp_timer                              0x0800217c   Section        0  lwip_timers.o(i.arp_timer)
    arp_timer                                0x0800217d   Thumb Code    22  lwip_timers.o(i.arp_timer)
    i.assert_failed                          0x08002198   Section        0  main.o(i.assert_failed)
    i.etharp_arp_input                       0x0800219a   Section        0  etharp.o(i.etharp_arp_input)
    etharp_arp_input                         0x0800219b   Thumb Code   188  etharp.o(i.etharp_arp_input)
    i.etharp_cleanup_netif                   0x08002258   Section        0  etharp.o(i.etharp_cleanup_netif)
    i.etharp_find_entry                      0x08002288   Section        0  etharp.o(i.etharp_find_entry)
    etharp_find_entry                        0x08002289   Thumb Code   216  etharp.o(i.etharp_find_entry)
    i.etharp_free_entry                      0x08002364   Section        0  etharp.o(i.etharp_free_entry)
    etharp_free_entry                        0x08002365   Thumb Code    32  etharp.o(i.etharp_free_entry)
    i.etharp_output                          0x08002388   Section        0  etharp.o(i.etharp_output)
    i.etharp_output_to_arp_index             0x0800248c   Section        0  etharp.o(i.etharp_output_to_arp_index)
    etharp_output_to_arp_index               0x0800248d   Thumb Code    62  etharp.o(i.etharp_output_to_arp_index)
    i.etharp_query                           0x080024d0   Section        0  etharp.o(i.etharp_query)
    i.etharp_raw                             0x080025bc   Section        0  etharp.o(i.etharp_raw)
    etharp_raw                               0x080025bd   Thumb Code   160  etharp.o(i.etharp_raw)
    i.etharp_request                         0x0800265c   Section        0  etharp.o(i.etharp_request)
    i.etharp_send_ip                         0x08002680   Section        0  etharp.o(i.etharp_send_ip)
    etharp_send_ip                           0x08002681   Thumb Code    32  etharp.o(i.etharp_send_ip)
    i.etharp_tmr                             0x080026a0   Section        0  etharp.o(i.etharp_tmr)
    i.etharp_update_arp_entry                0x080026e8   Section        0  etharp.o(i.etharp_update_arp_entry)
    etharp_update_arp_entry                  0x080026e9   Thumb Code   118  etharp.o(i.etharp_update_arp_entry)
    i.ethernet_input                         0x08002764   Section        0  etharp.o(i.ethernet_input)
    i.ethernetif_init                        0x080027f4   Section        0  ethernetif.o(i.ethernetif_init)
    i.ethernetif_input                       0x0800281c   Section        0  ethernetif.o(i.ethernetif_input)
    i.icmp_dest_unreach                      0x0800283e   Section        0  icmp.o(i.icmp_dest_unreach)
    i.icmp_input                             0x08002848   Section        0  icmp.o(i.icmp_input)
    i.icmp_send_response                     0x08002944   Section        0  icmp.o(i.icmp_send_response)
    icmp_send_response                       0x08002945   Thumb Code   100  icmp.o(i.icmp_send_response)
    i.icmp_time_exceeded                     0x080029a8   Section        0  icmp.o(i.icmp_time_exceeded)
    i.inet_chksum                            0x080029b0   Section        0  inet_chksum.o(i.inet_chksum)
    i.inet_chksum_pbuf                       0x080029bc   Section        0  inet_chksum.o(i.inet_chksum_pbuf)
    i.ip4_addr_isbroadcast                   0x08002a04   Section        0  ip_addr.o(i.ip4_addr_isbroadcast)
    i.ip_frag                                0x08002a34   Section        0  ip_frag.o(i.ip_frag)
    i.ip_frag_free_pbuf_custom_ref           0x08002b98   Section        0  ip_frag.o(i.ip_frag_free_pbuf_custom_ref)
    ip_frag_free_pbuf_custom_ref             0x08002b99   Thumb Code     8  ip_frag.o(i.ip_frag_free_pbuf_custom_ref)
    i.ip_input                               0x08002ba0   Section        0  ip.o(i.ip_input)
    i.ip_output                              0x08002cfc   Section        0  ip.o(i.ip_output)
    i.ip_output_if                           0x08002d30   Section        0  ip.o(i.ip_output_if)
    i.ip_reass                               0x08002dd8   Section        0  ip_frag.o(i.ip_reass)
    i.ip_reass_chain_frag_into_datagram_and_validate 0x08002f64   Section        0  ip_frag.o(i.ip_reass_chain_frag_into_datagram_and_validate)
    ip_reass_chain_frag_into_datagram_and_validate 0x08002f65   Thumb Code   228  ip_frag.o(i.ip_reass_chain_frag_into_datagram_and_validate)
    i.ip_reass_dequeue_datagram              0x0800304c   Section        0  ip_frag.o(i.ip_reass_dequeue_datagram)
    ip_reass_dequeue_datagram                0x0800304d   Thumb Code    30  ip_frag.o(i.ip_reass_dequeue_datagram)
    i.ip_reass_free_complete_datagram        0x08003070   Section        0  ip_frag.o(i.ip_reass_free_complete_datagram)
    ip_reass_free_complete_datagram          0x08003071   Thumb Code   108  ip_frag.o(i.ip_reass_free_complete_datagram)
    i.ip_reass_remove_oldest_datagram        0x080030e0   Section        0  ip_frag.o(i.ip_reass_remove_oldest_datagram)
    ip_reass_remove_oldest_datagram          0x080030e1   Thumb Code   104  ip_frag.o(i.ip_reass_remove_oldest_datagram)
    i.ip_reass_timer                         0x0800314c   Section        0  lwip_timers.o(i.ip_reass_timer)
    ip_reass_timer                           0x0800314d   Thumb Code    22  lwip_timers.o(i.ip_reass_timer)
    i.ip_reass_tmr                           0x08003168   Section        0  ip_frag.o(i.ip_reass_tmr)
    i.ip_route                               0x08003194   Section        0  ip.o(i.ip_route)
    i.ipfrag_free_pbuf_custom                0x080031d4   Section        0  ip_frag.o(i.ipfrag_free_pbuf_custom)
    ipfrag_free_pbuf_custom                  0x080031d5   Thumb Code    22  ip_frag.o(i.ipfrag_free_pbuf_custom)
    i.low_level_init                         0x080031ec   Section        0  ethernetif.o(i.low_level_init)
    low_level_init                           0x080031ed   Thumb Code   226  ethernetif.o(i.low_level_init)
    i.low_level_input                        0x080032e0   Section        0  ethernetif.o(i.low_level_input)
    low_level_input                          0x080032e1   Thumb Code   182  ethernetif.o(i.low_level_input)
    i.low_level_output                       0x0800339c   Section        0  ethernetif.o(i.low_level_output)
    low_level_output                         0x0800339d   Thumb Code   162  ethernetif.o(i.low_level_output)
    i.lwip_htonl                             0x08003444   Section        0  def.o(i.lwip_htonl)
    i.lwip_htons                             0x08003448   Section        0  def.o(i.lwip_htons)
    i.lwip_init                              0x0800344c   Section        0  init.o(i.lwip_init)
    i.lwip_ntohl                             0x0800346a   Section        0  def.o(i.lwip_ntohl)
    i.lwip_ntohs                             0x0800346e   Section        0  def.o(i.lwip_ntohs)
    i.lwip_standard_chksum                   0x08003474   Section        0  inet_chksum.o(i.lwip_standard_chksum)
    lwip_standard_chksum                     0x08003475   Thumb Code    88  inet_chksum.o(i.lwip_standard_chksum)
    i.main                                   0x080034cc   Section        0  main.o(i.main)
    i.mem_calloc                             0x08003534   Section        0  mem.o(i.mem_calloc)
    i.mem_free                               0x08003550   Section        0  mem.o(i.mem_free)
    i.mem_init                               0x0800357c   Section        0  mem.o(i.mem_init)
    i.mem_malloc                             0x080035b0   Section        0  mem.o(i.mem_malloc)
    i.mem_trim                               0x08003658   Section        0  mem.o(i.mem_trim)
    i.memp_free                              0x08003724   Section        0  memp.o(i.memp_free)
    i.memp_init                              0x0800373c   Section        0  memp.o(i.memp_init)
    i.memp_malloc                            0x08003794   Section        0  memp.o(i.memp_malloc)
    i.netif_add                              0x080037b4   Section        0  netif.o(i.netif_add)
    i.netif_init                             0x080037fc   Section        0  netif.o(i.netif_init)
    i.netif_set_addr                         0x080037fe   Section        0  netif.o(i.netif_set_addr)
    i.netif_set_default                      0x08003820   Section        0  netif.o(i.netif_set_default)
    i.netif_set_down                         0x0800382c   Section        0  netif.o(i.netif_set_down)
    i.netif_set_gw                           0x08003846   Section        0  netif.o(i.netif_set_gw)
    i.netif_set_ipaddr                       0x08003850   Section        0  netif.o(i.netif_set_ipaddr)
    i.netif_set_netmask                      0x080038b8   Section        0  netif.o(i.netif_set_netmask)
    i.netif_set_up                           0x080038c0   Section        0  netif.o(i.netif_set_up)
    i.pbuf_alloc                             0x080038e0   Section        0  pbuf.o(i.pbuf_alloc)
    i.pbuf_alloced_custom                    0x08003a08   Section        0  pbuf.o(i.pbuf_alloced_custom)
    i.pbuf_cat                               0x08003a5c   Section        0  pbuf.o(i.pbuf_cat)
    i.pbuf_clen                              0x08003a84   Section        0  pbuf.o(i.pbuf_clen)
    i.pbuf_copy                              0x08003a96   Section        0  pbuf.o(i.pbuf_copy)
    i.pbuf_copy_partial                      0x08003b30   Section        0  pbuf.o(i.pbuf_copy_partial)
    i.pbuf_free                              0x08003b98   Section        0  pbuf.o(i.pbuf_free)
    i.pbuf_free_ooseq                        0x08003be8   Section        0  pbuf.o(i.pbuf_free_ooseq)
    i.pbuf_header                            0x08003c14   Section        0  pbuf.o(i.pbuf_header)
    i.pbuf_realloc                           0x08003c74   Section        0  pbuf.o(i.pbuf_realloc)
    i.pbuf_ref                               0x08003cc2   Section        0  pbuf.o(i.pbuf_ref)
    i.plug_holes                             0x08003cd0   Section        0  mem.o(i.plug_holes)
    plug_holes                               0x08003cd1   Thumb Code    78  mem.o(i.plug_holes)
    i.raw_input                              0x08003d24   Section        0  raw.o(i.raw_input)
    i.sys_check_timeouts                     0x08003d98   Section        0  lwip_timers.o(i.sys_check_timeouts)
    i.sys_now                                0x08003df0   Section        0  ethernetif.o(i.sys_now)
    i.sys_timeout                            0x08003df4   Section        0  lwip_timers.o(i.sys_timeout)
    i.sys_timeouts_init                      0x08003e50   Section        0  lwip_timers.o(i.sys_timeouts_init)
    i.tcp_abandon                            0x08003e80   Section        0  tcp.o(i.tcp_abandon)
    i.tcp_abort                              0x08003f14   Section        0  tcp.o(i.tcp_abort)
    i.tcp_accept                             0x08003f1a   Section        0  tcp.o(i.tcp_accept)
    i.tcp_accept_null                        0x08003f1e   Section        0  tcp.o(i.tcp_accept_null)
    tcp_accept_null                          0x08003f1f   Thumb Code     6  tcp.o(i.tcp_accept_null)
    i.tcp_alloc                              0x08003f24   Section        0  tcp.o(i.tcp_alloc)
    i.tcp_arg                                0x0800401c   Section        0  tcp.o(i.tcp_arg)
    i.tcp_bind                               0x08004020   Section        0  tcp.o(i.tcp_bind)
    i.tcp_close                              0x080040a4   Section        0  tcp.o(i.tcp_close)
    i.tcp_close_shutdown                     0x080040b8   Section        0  tcp.o(i.tcp_close_shutdown)
    tcp_close_shutdown                       0x080040b9   Thumb Code   288  tcp.o(i.tcp_close_shutdown)
    i.tcp_create_segment                     0x080041dc   Section        0  tcp_out.o(i.tcp_create_segment)
    tcp_create_segment                       0x080041dd   Thumb Code   154  tcp_out.o(i.tcp_create_segment)
    i.tcp_eff_send_mss                       0x08004276   Section        0  tcp.o(i.tcp_eff_send_mss)
    i.tcp_enqueue_flags                      0x08004296   Section        0  tcp_out.o(i.tcp_enqueue_flags)
    i.tcp_fasttmr                            0x0800433c   Section        0  tcp.o(i.tcp_fasttmr)
    i.tcp_init                               0x0800439c   Section        0  tcp.o(i.tcp_init)
    i.tcp_input                              0x080043a0   Section        0  tcp_in.o(i.tcp_input)
    i.tcp_keepalive                          0x080046b0   Section        0  tcp_out.o(i.tcp_keepalive)
    i.tcp_listen_input                       0x080046ec   Section        0  tcp_in.o(i.tcp_listen_input)
    tcp_listen_input                         0x080046ed   Thumb Code   208  tcp_in.o(i.tcp_listen_input)
    i.tcp_listen_with_backlog                0x080047d0   Section        0  tcp.o(i.tcp_listen_with_backlog)
    i.tcp_new                                0x08004858   Section        0  tcp.o(i.tcp_new)
    i.tcp_new_port                           0x08004860   Section        0  tcp.o(i.tcp_new_port)
    tcp_new_port                             0x08004861   Thumb Code    82  tcp.o(i.tcp_new_port)
    i.tcp_next_iss                           0x080048bc   Section        0  tcp.o(i.tcp_next_iss)
    i.tcp_oos_insert_segment                 0x080048cc   Section        0  tcp_in.o(i.tcp_oos_insert_segment)
    tcp_oos_insert_segment                   0x080048cd   Thumb Code   114  tcp_in.o(i.tcp_oos_insert_segment)
    i.tcp_output                             0x08004944   Section        0  tcp_out.o(i.tcp_output)
    i.tcp_output_alloc_header                0x08004ad0   Section        0  tcp_out.o(i.tcp_output_alloc_header)
    tcp_output_alloc_header                  0x08004ad1   Thumb Code   106  tcp_out.o(i.tcp_output_alloc_header)
    i.tcp_output_segment                     0x08004b3c   Section        0  tcp_out.o(i.tcp_output_segment)
    tcp_output_segment                       0x08004b3d   Thumb Code   170  tcp_out.o(i.tcp_output_segment)
    i.tcp_parseopt                           0x08004bec   Section        0  tcp_in.o(i.tcp_parseopt)
    tcp_parseopt                             0x08004bed   Thumb Code   122  tcp_in.o(i.tcp_parseopt)
    i.tcp_pbuf_prealloc                      0x08004c6c   Section        0  tcp_out.o(i.tcp_pbuf_prealloc)
    tcp_pbuf_prealloc                        0x08004c6d   Thumb Code    78  tcp_out.o(i.tcp_pbuf_prealloc)
    i.tcp_pcb_purge                          0x08004cba   Section        0  tcp.o(i.tcp_pcb_purge)
    i.tcp_pcb_remove                         0x08004cfc   Section        0  tcp.o(i.tcp_pcb_remove)
    i.tcp_process                            0x08004d54   Section        0  tcp_in.o(i.tcp_process)
    tcp_process                              0x08004d55   Thumb Code   788  tcp_in.o(i.tcp_process)
    i.tcp_process_refused_data               0x08005088   Section        0  tcp.o(i.tcp_process_refused_data)
    i.tcp_receive                            0x080050f0   Section        0  tcp_in.o(i.tcp_receive)
    tcp_receive                              0x080050f1   Thumb Code  1768  tcp_in.o(i.tcp_receive)
    i.tcp_recv                               0x080057dc   Section        0  tcp.o(i.tcp_recv)
    i.tcp_recv_null                          0x080057e2   Section        0  tcp.o(i.tcp_recv_null)
    i.tcp_recved                             0x08005806   Section        0  tcp.o(i.tcp_recved)
    i.tcp_rexmit                             0x0800583c   Section        0  tcp_out.o(i.tcp_rexmit)
    i.tcp_rexmit_fast                        0x0800588e   Section        0  tcp_out.o(i.tcp_rexmit_fast)
    i.tcp_rexmit_rto                         0x080058e6   Section        0  tcp_out.o(i.tcp_rexmit_rto)
    i.tcp_rst                                0x08005914   Section        0  tcp_out.o(i.tcp_rst)
    i.tcp_seg_copy                           0x0800598a   Section        0  tcp.o(i.tcp_seg_copy)
    i.tcp_seg_free                           0x080059b2   Section        0  tcp.o(i.tcp_seg_free)
    i.tcp_segs_free                          0x080059ce   Section        0  tcp.o(i.tcp_segs_free)
    i.tcp_send_empty_ack                     0x080059e0   Section        0  tcp_out.o(i.tcp_send_empty_ack)
    i.tcp_send_fin                           0x08005a28   Section        0  tcp_out.o(i.tcp_send_fin)
    i.tcp_server_accept                      0x08005a6c   Section        0  tcp_server.o(i.tcp_server_accept)
    i.tcp_server_recv                        0x08005ae8   Section        0  tcp_server.o(i.tcp_server_recv)
    tcp_server_recv                          0x08005ae9   Thumb Code   298  tcp_server.o(i.tcp_server_recv)
    i.tcp_slowtmr                            0x08005c38   Section        0  tcp.o(i.tcp_slowtmr)
    i.tcp_timer_needed                       0x08005eb4   Section        0  lwip_timers.o(i.tcp_timer_needed)
    i.tcp_timewait_input                     0x08005ee8   Section        0  tcp_in.o(i.tcp_timewait_input)
    tcp_timewait_input                       0x08005ee9   Thumb Code    92  tcp_in.o(i.tcp_timewait_input)
    i.tcp_tmr                                0x08005f54   Section        0  tcp.o(i.tcp_tmr)
    i.tcp_update_rcv_ann_wnd                 0x08005f74   Section        0  tcp.o(i.tcp_update_rcv_ann_wnd)
    i.tcp_write                              0x08005fa8   Section        0  tcp_out.o(i.tcp_write)
    i.tcp_zero_window_probe                  0x0800628c   Section        0  tcp_out.o(i.tcp_zero_window_probe)
    i.tcpip_tcp_timer                        0x08006318   Section        0  lwip_timers.o(i.tcpip_tcp_timer)
    tcpip_tcp_timer                          0x08006319   Thumb Code    40  lwip_timers.o(i.tcpip_tcp_timer)
    i.udp_init                               0x08006350   Section        0  udp.o(i.udp_init)
    i.udp_input                              0x08006354   Section        0  udp.o(i.udp_input)
    .constdata                               0x080064a4   Section       16  system_stm32f1xx.o(.constdata)
    .constdata                               0x080064b4   Section       84  tcp.o(.constdata)
    .constdata                               0x08006508   Section       40  memp.o(.constdata)
    memp_sizes                               0x08006508   Data          20  memp.o(.constdata)
    memp_num                                 0x0800651c   Data          20  memp.o(.constdata)
    .constdata                               0x08006530   Section       12  etharp.o(.constdata)
    .conststring                             0x0800653c   Section      117  tcp.o(.conststring)
    .data                                    0x20000000   Section        4  system_stm32f1xx.o(.data)
    .data                                    0x20000004   Section        8  ip_frag.o(.data)
    ip_reass_pbufcount                       0x20000004   Data           2  ip_frag.o(.data)
    reassdatagrams                           0x20000008   Data           4  ip_frag.o(.data)
    .data                                    0x2000000c   Section        1  pbuf.o(.data)
    .data                                    0x20000010   Section       36  tcp.o(.data)
    tcp_timer                                0x20000011   Data           1  tcp.o(.data)
    tcp_timer_ctr                            0x20000012   Data           1  tcp.o(.data)
    tcp_port                                 0x20000014   Data           2  tcp.o(.data)
    iss                                      0x20000018   Data           4  tcp.o(.data)
    .data                                    0x20000034   Section       12  netif.o(.data)
    netif_num                                0x20000034   Data           1  netif.o(.data)
    .data                                    0x20000040   Section        8  udp.o(.data)
    udp_port                                 0x20000040   Data           2  udp.o(.data)
    .data                                    0x20000048   Section       12  lwip_timers.o(.data)
    next_timeout                             0x20000048   Data           4  lwip_timers.o(.data)
    timeouts_last_time                       0x2000004c   Data           4  lwip_timers.o(.data)
    tcpip_tcp_timer_active                   0x20000050   Data           4  lwip_timers.o(.data)
    .data                                    0x20000054   Section       20  ip.o(.data)
    ip_id                                    0x20000054   Data           2  ip.o(.data)
    .data                                    0x20000068   Section       12  mem.o(.data)
    ram                                      0x20000068   Data           4  mem.o(.data)
    ram_end                                  0x2000006c   Data           4  mem.o(.data)
    lfree                                    0x20000070   Data           4  mem.o(.data)
    .data                                    0x20000074   Section       28  tcp_in.o(.data)
    flags                                    0x20000074   Data           1  tcp_in.o(.data)
    recv_flags                               0x20000075   Data           1  tcp_in.o(.data)
    tcplen                                   0x20000076   Data           2  tcp_in.o(.data)
    tcphdr                                   0x20000078   Data           4  tcp_in.o(.data)
    iphdr                                    0x2000007c   Data           4  tcp_in.o(.data)
    seqno                                    0x20000080   Data           4  tcp_in.o(.data)
    ackno                                    0x20000084   Data           4  tcp_in.o(.data)
    recv_data                                0x20000088   Data           4  tcp_in.o(.data)
    .data                                    0x20000090   Section        1  etharp.o(.data)
    etharp_cached_entry                      0x20000090   Data           1  etharp.o(.data)
    .data                                    0x20000094   Section        4  raw.o(.data)
    raw_pcbs                                 0x20000094   Data           4  raw.o(.data)
    .data                                    0x20000098   Section        4  stm32f1xx_hal.o(.data)
    uwTick                                   0x20000098   Data           4  stm32f1xx_hal.o(.data)
    .data                                    0x2000009c   Section       24  lwip.o(.data)
    .bss                                     0x200000b4   Section    12075  memp.o(.bss)
    memp_tab                                 0x200000b4   Data          40  memp.o(.bss)
    memp_memory                              0x200000dc   Data       12035  memp.o(.bss)
    .bss                                     0x20002fdf   Section     1620  mem.o(.bss)
    .bss                                     0x20003634   Section       16  tcp_in.o(.bss)
    inseg                                    0x20003634   Data          16  tcp_in.o(.bss)
    .bss                                     0x20003644   Section      200  etharp.o(.bss)
    arp_table                                0x20003644   Data         200  etharp.o(.bss)
    .bss                                     0x2000370c   Section       48  lwip.o(.bss)
    .bss                                     0x2000373c   Section    18552  ethernetif.o(.bss)
    STACK                                    0x20007fb8   Section     1024  startup_stm32f107xc.o(STACK)

    Global Symbols

    Symbol Name                              Value     Ov Type        Size  Object(Section)

    BuildAttributes$$THM_ISAv4$P$D$K$B$S$PE$A:L22UL41UL21$X:L11$S22US41US21$IEEE1$IW$USESV6$~STKCKD$USESV7$~SHL$OSPACE$EBA8$MICROLIB$REQ8$PRES8$EABIv2 0x00000000   Number         0  anon$$obj.o ABSOLUTE
    __ARM_use_no_argv                        0x00000000   Number         0  main.o ABSOLUTE
    __cpp_initialize__aeabi_                  - Undefined Weak Reference
    __cxa_finalize                            - Undefined Weak Reference
    __decompress                              - Undefined Weak Reference
    _clock_init                               - Undefined Weak Reference
    _microlib_exit                            - Undefined Weak Reference
    __Vectors_Size                           0x00000150   Number         0  startup_stm32f107xc.o ABSOLUTE
    __Vectors                                0x08000000   Data           4  startup_stm32f107xc.o(RESET)
    __Vectors_End                            0x08000150   Data           0  startup_stm32f107xc.o(RESET)
    __main                                   0x08000151   Thumb Code     0  entry.o(.ARM.Collect$$$$00000000)
    _main_stk                                0x08000151   Thumb Code     0  entry2.o(.ARM.Collect$$$$00000001)
    _main_scatterload                        0x08000155   Thumb Code     0  entry5.o(.ARM.Collect$$$$00000004)
    __main_after_scatterload                 0x08000159   Thumb Code     0  entry5.o(.ARM.Collect$$$$00000004)
    _main_clock                              0x08000159   Thumb Code     0  entry7b.o(.ARM.Collect$$$$00000008)
    _main_cpp_init                           0x08000159   Thumb Code     0  entry8b.o(.ARM.Collect$$$$0000000A)
    _main_init                               0x08000159   Thumb Code     0  entry9a.o(.ARM.Collect$$$$0000000B)
    __rt_final_cpp                           0x08000161   Thumb Code     0  entry10a.o(.ARM.Collect$$$$0000000D)
    __rt_final_exit                          0x08000161   Thumb Code     0  entry11a.o(.ARM.Collect$$$$0000000F)
    Reset_Handler                            0x08000165   Thumb Code     8  startup_stm32f107xc.o(.text)
    ADC1_2_IRQHandler                        0x0800017f   Thumb Code     0  startup_stm32f107xc.o(.text)
    CAN1_RX0_IRQHandler                      0x0800017f   Thumb Code     0  startup_stm32f107xc.o(.text)
    CAN1_RX1_IRQHandler                      0x0800017f   Thumb Code     0  startup_stm32f107xc.o(.text)
    CAN1_SCE_IRQHandler                      0x0800017f   Thumb Code     0  startup_stm32f107xc.o(.text)
    CAN1_TX_IRQHandler                       0x0800017f   Thumb Code     0  startup_stm32f107xc.o(.text)
    CAN2_RX0_IRQHandler                      0x0800017f   Thumb Code     0  startup_stm32f107xc.o(.text)
    CAN2_RX1_IRQHandler                      0x0800017f   Thumb Code     0  startup_stm32f107xc.o(.text)
    CAN2_SCE_IRQHandler                      0x0800017f   Thumb Code     0  startup_stm32f107xc.o(.text)
    CAN2_TX_IRQHandler                       0x0800017f   Thumb Code     0  startup_stm32f107xc.o(.text)
    DMA1_Channel1_IRQHandler                 0x0800017f   Thumb Code     0  startup_stm32f107xc.o(.text)
    DMA1_Channel2_IRQHandler                 0x0800017f   Thumb Code     0  startup_stm32f107xc.o(.text)
    DMA1_Channel3_IRQHandler                 0x0800017f   Thumb Code     0  startup_stm32f107xc.o(.text)
    DMA1_Channel4_IRQHandler                 0x0800017f   Thumb Code     0  startup_stm32f107xc.o(.text)
    DMA1_Channel5_IRQHandler                 0x0800017f   Thumb Code     0  startup_stm32f107xc.o(.text)
    DMA1_Channel6_IRQHandler                 0x0800017f   Thumb Code     0  startup_stm32f107xc.o(.text)
    DMA1_Channel7_IRQHandler                 0x0800017f   Thumb Code     0  startup_stm32f107xc.o(.text)
    DMA2_Channel1_IRQHandler                 0x0800017f   Thumb Code     0  startup_stm32f107xc.o(.text)
    DMA2_Channel2_IRQHandler                 0x0800017f   Thumb Code     0  startup_stm32f107xc.o(.text)
    DMA2_Channel3_IRQHandler                 0x0800017f   Thumb Code     0  startup_stm32f107xc.o(.text)
    DMA2_Channel4_IRQHandler                 0x0800017f   Thumb Code     0  startup_stm32f107xc.o(.text)
    DMA2_Channel5_IRQHandler                 0x0800017f   Thumb Code     0  startup_stm32f107xc.o(.text)
    EXTI0_IRQHandler                         0x0800017f   Thumb Code     0  startup_stm32f107xc.o(.text)
    EXTI15_10_IRQHandler                     0x0800017f   Thumb Code     0  startup_stm32f107xc.o(.text)
    EXTI1_IRQHandler                         0x0800017f   Thumb Code     0  startup_stm32f107xc.o(.text)
    EXTI2_IRQHandler                         0x0800017f   Thumb Code     0  startup_stm32f107xc.o(.text)
    EXTI3_IRQHandler                         0x0800017f   Thumb Code     0  startup_stm32f107xc.o(.text)
    EXTI4_IRQHandler                         0x0800017f   Thumb Code     0  startup_stm32f107xc.o(.text)
    EXTI9_5_IRQHandler                       0x0800017f   Thumb Code     0  startup_stm32f107xc.o(.text)
    FLASH_IRQHandler                         0x0800017f   Thumb Code     0  startup_stm32f107xc.o(.text)
    I2C1_ER_IRQHandler                       0x0800017f   Thumb Code     0  startup_stm32f107xc.o(.text)
    I2C1_EV_IRQHandler                       0x0800017f   Thumb Code     0  startup_stm32f107xc.o(.text)
    I2C2_ER_IRQHandler                       0x0800017f   Thumb Code     0  startup_stm32f107xc.o(.text)
    I2C2_EV_IRQHandler                       0x0800017f   Thumb Code     0  startup_stm32f107xc.o(.text)
    OTG_FS_IRQHandler                        0x0800017f   Thumb Code     0  startup_stm32f107xc.o(.text)
    OTG_FS_WKUP_IRQHandler                   0x0800017f   Thumb Code     0  startup_stm32f107xc.o(.text)
    PVD_IRQHandler                           0x0800017f   Thumb Code     0  startup_stm32f107xc.o(.text)
    RCC_IRQHandler                           0x0800017f   Thumb Code     0  startup_stm32f107xc.o(.text)
    RTC_Alarm_IRQHandler                     0x0800017f   Thumb Code     0  startup_stm32f107xc.o(.text)
    RTC_IRQHandler                           0x0800017f   Thumb Code     0  startup_stm32f107xc.o(.text)
    SPI1_IRQHandler                          0x0800017f   Thumb Code     0  startup_stm32f107xc.o(.text)
    SPI2_IRQHandler                          0x0800017f   Thumb Code     0  startup_stm32f107xc.o(.text)
    SPI3_IRQHandler                          0x0800017f   Thumb Code     0  startup_stm32f107xc.o(.text)
    TAMPER_IRQHandler                        0x0800017f   Thumb Code     0  startup_stm32f107xc.o(.text)
    TIM1_BRK_IRQHandler                      0x0800017f   Thumb Code     0  startup_stm32f107xc.o(.text)
    TIM1_CC_IRQHandler                       0x0800017f   Thumb Code     0  startup_stm32f107xc.o(.text)
    TIM1_TRG_COM_IRQHandler                  0x0800017f   Thumb Code     0  startup_stm32f107xc.o(.text)
    TIM1_UP_IRQHandler                       0x0800017f   Thumb Code     0  startup_stm32f107xc.o(.text)
    TIM2_IRQHandler                          0x0800017f   Thumb Code     0  startup_stm32f107xc.o(.text)
    TIM3_IRQHandler                          0x0800017f   Thumb Code     0  startup_stm32f107xc.o(.text)
    TIM4_IRQHandler                          0x0800017f   Thumb Code     0  startup_stm32f107xc.o(.text)
    TIM5_IRQHandler                          0x0800017f   Thumb Code     0  startup_stm32f107xc.o(.text)
    TIM6_IRQHandler                          0x0800017f   Thumb Code     0  startup_stm32f107xc.o(.text)
    TIM7_IRQHandler                          0x0800017f   Thumb Code     0  startup_stm32f107xc.o(.text)
    UART4_IRQHandler                         0x0800017f   Thumb Code     0  startup_stm32f107xc.o(.text)
    UART5_IRQHandler                         0x0800017f   Thumb Code     0  startup_stm32f107xc.o(.text)
    USART1_IRQHandler                        0x0800017f   Thumb Code     0  startup_stm32f107xc.o(.text)
    USART2_IRQHandler                        0x0800017f   Thumb Code     0  startup_stm32f107xc.o(.text)
    USART3_IRQHandler                        0x0800017f   Thumb Code     0  startup_stm32f107xc.o(.text)
    WWDG_IRQHandler                          0x0800017f   Thumb Code     0  startup_stm32f107xc.o(.text)
    __aeabi_memcpy                           0x08000189   Thumb Code    36  memcpya.o(.text)
    __aeabi_memcpy4                          0x08000189   Thumb Code     0  memcpya.o(.text)
    __aeabi_memcpy8                          0x08000189   Thumb Code     0  memcpya.o(.text)
    __aeabi_memset                           0x080001ad   Thumb Code    14  memseta.o(.text)
    __aeabi_memset4                          0x080001ad   Thumb Code     0  memseta.o(.text)
    __aeabi_memset8                          0x080001ad   Thumb Code     0  memseta.o(.text)
    __aeabi_memclr                           0x080001bb   Thumb Code     4  memseta.o(.text)
    __aeabi_memclr4                          0x080001bb   Thumb Code     0  memseta.o(.text)
    __aeabi_memclr8                          0x080001bb   Thumb Code     0  memseta.o(.text)
    _memset$wrapper                          0x080001bf   Thumb Code    18  memseta.o(.text)
    memcmp                                   0x080001d1   Thumb Code    26  memcmp.o(.text)
    strncmp                                  0x080001eb   Thumb Code    30  strncmp.o(.text)
    __scatterload                            0x08000209   Thumb Code    28  init.o(.text)
    __scatterload_rt2                        0x08000209   Thumb Code     0  init.o(.text)
    BusFault_Handler                         0x0800022d   Thumb Code     2  stm32f1xx_it.o(i.BusFault_Handler)
    DebugMon_Handler                         0x0800022f   Thumb Code     2  stm32f1xx_it.o(i.DebugMon_Handler)
    ETH_IRQHandler                           0x08000261   Thumb Code     6  stm32f1xx_it.o(i.ETH_IRQHandler)
    ETH_WKUP_IRQHandler                      0x08000391   Thumb Code     6  stm32f1xx_it.o(i.ETH_WKUP_IRQHandler)
    HAL_Delay                                0x0800039d   Thumb Code    22  stm32f1xx_hal.o(i.HAL_Delay)
    HAL_ETH_DMARxDescListInit                0x080003b3   Thumb Code   116  stm32f1xx_hal_eth.o(i.HAL_ETH_DMARxDescListInit)
    HAL_ETH_DMATxDescListInit                0x08000427   Thumb Code   120  stm32f1xx_hal_eth.o(i.HAL_ETH_DMATxDescListInit)
    HAL_ETH_ErrorCallback                    0x0800049f   Thumb Code     2  stm32f1xx_hal_eth.o(i.HAL_ETH_ErrorCallback)
    HAL_ETH_GetReceivedFrame                 0x080004a1   Thumb Code   122  stm32f1xx_hal_eth.o(i.HAL_ETH_GetReceivedFrame)
    HAL_ETH_IRQHandler                       0x0800051b   Thumb Code   122  stm32f1xx_hal_eth.o(i.HAL_ETH_IRQHandler)
    HAL_ETH_Init                             0x08000595   Thumb Code   476  stm32f1xx_hal_eth.o(i.HAL_ETH_Init)
    HAL_ETH_MspInit                          0x080007bd   Thumb Code   194  ethernetif.o(i.HAL_ETH_MspInit)
    HAL_ETH_ReadPHYRegister                  0x08000895   Thumb Code   148  stm32f1xx_hal_eth.o(i.HAL_ETH_ReadPHYRegister)
    HAL_ETH_RxCpltCallback                   0x08000961   Thumb Code     2  stm32f1xx_hal_eth.o(i.HAL_ETH_RxCpltCallback)
    HAL_ETH_Start                            0x08000963   Thumb Code   132  stm32f1xx_hal_eth.o(i.HAL_ETH_Start)
    HAL_ETH_TransmitFrame                    0x080009e7   Thumb Code   264  stm32f1xx_hal_eth.o(i.HAL_ETH_TransmitFrame)
    HAL_ETH_TxCpltCallback                   0x08000aef   Thumb Code     2  stm32f1xx_hal_eth.o(i.HAL_ETH_TxCpltCallback)
    HAL_ETH_WritePHYRegister                 0x08000af1   Thumb Code   140  stm32f1xx_hal_eth.o(i.HAL_ETH_WritePHYRegister)
    HAL_GPIO_Init                            0x08000bb5   Thumb Code   664  stm32f1xx_hal_gpio.o(i.HAL_GPIO_Init)
    HAL_GetTick                              0x08000ecd   Thumb Code     6  stm32f1xx_hal.o(i.HAL_GetTick)
    HAL_IncTick                              0x08000ed9   Thumb Code    10  stm32f1xx_hal.o(i.HAL_IncTick)
    HAL_Init                                 0x08000ee9   Thumb Code    32  stm32f1xx_hal.o(i.HAL_Init)
    HAL_InitTick                             0x08000f0d   Thumb Code    34  stm32f1xx_hal.o(i.HAL_InitTick)
    HAL_MspInit                              0x08000f31   Thumb Code   118  stm32f1xx_hal_msp.o(i.HAL_MspInit)
    HAL_NVIC_EnableIRQ                       0x08000fb1   Thumb Code    36  stm32f1xx_hal_cortex.o(i.HAL_NVIC_EnableIRQ)
    HAL_NVIC_SetPriority                     0x08001011   Thumb Code    94  stm32f1xx_hal_cortex.o(i.HAL_NVIC_SetPriority)
    HAL_NVIC_SetPriorityGrouping             0x080010b1   Thumb Code    58  stm32f1xx_hal_cortex.o(i.HAL_NVIC_SetPriorityGrouping)
    HAL_RCC_ClockConfig                      0x08001131   Thumb Code   578  stm32f1xx_hal_rcc.o(i.HAL_RCC_ClockConfig)
    HAL_RCC_GetHCLKFreq                      0x080013bd   Thumb Code     6  stm32f1xx_hal_rcc.o(i.HAL_RCC_GetHCLKFreq)
    HAL_RCC_GetSysClockFreq                  0x080013c9   Thumb Code   180  stm32f1xx_hal_rcc.o(i.HAL_RCC_GetSysClockFreq)
    HAL_RCC_MCOConfig                        0x080014a5   Thumb Code   158  stm32f1xx_hal_rcc.o(i.HAL_RCC_MCOConfig)
    HAL_RCC_OscConfig                        0x08001585   Thumb Code  2350  stm32f1xx_hal_rcc.o(i.HAL_RCC_OscConfig)
    HAL_SYSTICK_CLKSourceConfig              0x08001eb5   Thumb Code    40  stm32f1xx_hal_cortex.o(i.HAL_SYSTICK_CLKSourceConfig)
    HAL_SYSTICK_Callback                     0x08001f19   Thumb Code     2  stm32f1xx_hal_cortex.o(i.HAL_SYSTICK_Callback)
    HAL_SYSTICK_Config                       0x08001f1b   Thumb Code    40  stm32f1xx_hal_cortex.o(i.HAL_SYSTICK_Config)
    HAL_SYSTICK_IRQHandler                   0x08001f43   Thumb Code     8  stm32f1xx_hal_cortex.o(i.HAL_SYSTICK_IRQHandler)
    HardFault_Handler                        0x08001f4b   Thumb Code     2  stm32f1xx_it.o(i.HardFault_Handler)
    MX_LWIP_Init                             0x08001f4d   Thumb Code   150  lwip.o(i.MX_LWIP_Init)
    MX_LWIP_Process                          0x08001ff5   Thumb Code    16  lwip.o(i.MX_LWIP_Process)
    MemManage_Handler                        0x08002009   Thumb Code     2  stm32f1xx_it.o(i.MemManage_Handler)
    NMI_Handler                              0x0800200b   Thumb Code     2  stm32f1xx_it.o(i.NMI_Handler)
    PendSV_Handler                           0x0800202d   Thumb Code     2  stm32f1xx_it.o(i.PendSV_Handler)
    SVC_Handler                              0x0800202f   Thumb Code     2  stm32f1xx_it.o(i.SVC_Handler)
    SysTick_Handler                          0x08002031   Thumb Code    14  stm32f1xx_it.o(i.SysTick_Handler)
    SystemClock_Config                       0x08002041   Thumb Code   138  main.o(i.SystemClock_Config)
    SystemInit                               0x080020d1   Thumb Code    68  system_stm32f1xx.o(i.SystemInit)
    TCP_server_init                          0x08002125   Thumb Code    52  tcp_server.o(i.TCP_server_init)
    UsageFault_Handler                       0x0800215d   Thumb Code     2  stm32f1xx_it.o(i.UsageFault_Handler)
    __scatterload_copy                       0x0800215f   Thumb Code    14  handlers.o(i.__scatterload_copy)
    __scatterload_null                       0x0800216d   Thumb Code     2  handlers.o(i.__scatterload_null)
    __scatterload_zeroinit                   0x0800216f   Thumb Code    14  handlers.o(i.__scatterload_zeroinit)
    assert_failed                            0x08002199   Thumb Code     2  main.o(i.assert_failed)
    etharp_cleanup_netif                     0x08002259   Thumb Code    42  etharp.o(i.etharp_cleanup_netif)
    etharp_output                            0x08002389   Thumb Code   246  etharp.o(i.etharp_output)
    etharp_query                             0x080024d1   Thumb Code   228  etharp.o(i.etharp_query)
    etharp_request                           0x0800265d   Thumb Code    32  etharp.o(i.etharp_request)
    etharp_tmr                               0x080026a1   Thumb Code    68  etharp.o(i.etharp_tmr)
    ethernet_input                           0x08002765   Thumb Code   138  etharp.o(i.ethernet_input)
    ethernetif_init                          0x080027f5   Thumb Code    30  ethernetif.o(i.ethernetif_init)
    ethernetif_input                         0x0800281d   Thumb Code    34  ethernetif.o(i.ethernetif_input)
    icmp_dest_unreach                        0x0800283f   Thumb Code     8  icmp.o(i.icmp_dest_unreach)
    icmp_input                               0x08002849   Thumb Code   242  icmp.o(i.icmp_input)
    icmp_time_exceeded                       0x080029a9   Thumb Code     8  icmp.o(i.icmp_time_exceeded)
    inet_chksum                              0x080029b1   Thumb Code    12  inet_chksum.o(i.inet_chksum)
    inet_chksum_pbuf                         0x080029bd   Thumb Code    72  inet_chksum.o(i.inet_chksum_pbuf)
    ip4_addr_isbroadcast                     0x08002a05   Thumb Code    46  ip_addr.o(i.ip4_addr_isbroadcast)
    ip_frag                                  0x08002a35   Thumb Code   352  ip_frag.o(i.ip_frag)
    ip_input                                 0x08002ba1   Thumb Code   338  ip.o(i.ip_input)
    ip_output                                0x08002cfd   Thumb Code    52  ip.o(i.ip_output)
    ip_output_if                             0x08002d31   Thumb Code   164  ip.o(i.ip_output_if)
    ip_reass                                 0x08002dd9   Thumb Code   392  ip_frag.o(i.ip_reass)
    ip_reass_tmr                             0x08003169   Thumb Code    40  ip_frag.o(i.ip_reass_tmr)
    ip_route                                 0x08003195   Thumb Code    54  ip.o(i.ip_route)
    lwip_htonl                               0x08003445   Thumb Code     4  def.o(i.lwip_htonl)
    lwip_htons                               0x08003449   Thumb Code     4  def.o(i.lwip_htons)
    lwip_init                                0x0800344d   Thumb Code    30  init.o(i.lwip_init)
    lwip_ntohl                               0x0800346b   Thumb Code     4  def.o(i.lwip_ntohl)
    lwip_ntohs                               0x0800346f   Thumb Code     4  def.o(i.lwip_ntohs)
    main                                     0x080034cd   Thumb Code    94  main.o(i.main)
    mem_calloc                               0x08003535   Thumb Code    26  mem.o(i.mem_calloc)
    mem_free                                 0x08003551   Thumb Code    40  mem.o(i.mem_free)
    mem_init                                 0x0800357d   Thumb Code    42  mem.o(i.mem_init)
    mem_malloc                               0x080035b1   Thumb Code   162  mem.o(i.mem_malloc)
    mem_trim                                 0x08003659   Thumb Code   200  mem.o(i.mem_trim)
    memp_free                                0x08003725   Thumb Code    18  memp.o(i.memp_free)
    memp_init                                0x0800373d   Thumb Code    78  memp.o(i.memp_init)
    memp_malloc                              0x08003795   Thumb Code    28  memp.o(i.memp_malloc)
    netif_add                                0x080037b5   Thumb Code    68  netif.o(i.netif_add)
    netif_init                               0x080037fd   Thumb Code     2  netif.o(i.netif_init)
    netif_set_addr                           0x080037ff   Thumb Code    32  netif.o(i.netif_set_addr)
    netif_set_default                        0x08003821   Thumb Code     6  netif.o(i.netif_set_default)
    netif_set_down                           0x0800382d   Thumb Code    26  netif.o(i.netif_set_down)
    netif_set_gw                             0x08003847   Thumb Code     8  netif.o(i.netif_set_gw)
    netif_set_ipaddr                         0x08003851   Thumb Code    96  netif.o(i.netif_set_ipaddr)
    netif_set_netmask                        0x080038b9   Thumb Code     8  netif.o(i.netif_set_netmask)
    netif_set_up                             0x080038c1   Thumb Code    32  netif.o(i.netif_set_up)
    pbuf_alloc                               0x080038e1   Thumb Code   292  pbuf.o(i.pbuf_alloc)
    pbuf_alloced_custom                      0x08003a09   Thumb Code    84  pbuf.o(i.pbuf_alloced_custom)
    pbuf_cat                                 0x08003a5d   Thumb Code    40  pbuf.o(i.pbuf_cat)
    pbuf_clen                                0x08003a85   Thumb Code    18  pbuf.o(i.pbuf_clen)
    pbuf_copy                                0x08003a97   Thumb Code   154  pbuf.o(i.pbuf_copy)
    pbuf_copy_partial                        0x08003b31   Thumb Code   104  pbuf.o(i.pbuf_copy_partial)
    pbuf_free                                0x08003b99   Thumb Code    80  pbuf.o(i.pbuf_free)
    pbuf_free_ooseq                          0x08003be9   Thumb Code    34  pbuf.o(i.pbuf_free_ooseq)
    pbuf_header                              0x08003c15   Thumb Code    96  pbuf.o(i.pbuf_header)
    pbuf_realloc                             0x08003c75   Thumb Code    78  pbuf.o(i.pbuf_realloc)
    pbuf_ref                                 0x08003cc3   Thumb Code    12  pbuf.o(i.pbuf_ref)
    raw_input                                0x08003d25   Thumb Code   104  raw.o(i.raw_input)
    sys_check_timeouts                       0x08003d99   Thumb Code    80  lwip_timers.o(i.sys_check_timeouts)
    sys_now                                  0x08003df1   Thumb Code     4  ethernetif.o(i.sys_now)
    sys_timeout                              0x08003df5   Thumb Code    88  lwip_timers.o(i.sys_timeout)
    sys_timeouts_init                        0x08003e51   Thumb Code    36  lwip_timers.o(i.sys_timeouts_init)
    tcp_abandon                              0x08003e81   Thumb Code   144  tcp.o(i.tcp_abandon)
    tcp_abort                                0x08003f15   Thumb Code     6  tcp.o(i.tcp_abort)
    tcp_accept                               0x08003f1b   Thumb Code     4  tcp.o(i.tcp_accept)
    tcp_alloc                                0x08003f25   Thumb Code   236  tcp.o(i.tcp_alloc)
    tcp_arg                                  0x0800401d   Thumb Code     4  tcp.o(i.tcp_arg)
    tcp_bind                                 0x08004021   Thumb Code   122  tcp.o(i.tcp_bind)
    tcp_close                                0x080040a5   Thumb Code    20  tcp.o(i.tcp_close)
    tcp_eff_send_mss                         0x08004277   Thumb Code    32  tcp.o(i.tcp_eff_send_mss)
    tcp_enqueue_flags                        0x08004297   Thumb Code   166  tcp_out.o(i.tcp_enqueue_flags)
    tcp_fasttmr                              0x0800433d   Thumb Code    90  tcp.o(i.tcp_fasttmr)
    tcp_init                                 0x0800439d   Thumb Code     2  tcp.o(i.tcp_init)
    tcp_input                                0x080043a1   Thumb Code   756  tcp_in.o(i.tcp_input)
    tcp_keepalive                            0x080046b1   Thumb Code    60  tcp_out.o(i.tcp_keepalive)
    tcp_listen_with_backlog                  0x080047d1   Thumb Code   126  tcp.o(i.tcp_listen_with_backlog)
    tcp_new                                  0x08004859   Thumb Code     6  tcp.o(i.tcp_new)
    tcp_next_iss                             0x080048bd   Thumb Code    12  tcp.o(i.tcp_next_iss)
    tcp_output                               0x08004945   Thumb Code   392  tcp_out.o(i.tcp_output)
    tcp_pcb_purge                            0x08004cbb   Thumb Code    66  tcp.o(i.tcp_pcb_purge)
    tcp_pcb_remove                           0x08004cfd   Thumb Code    82  tcp.o(i.tcp_pcb_remove)
    tcp_process_refused_data                 0x08005089   Thumb Code   104  tcp.o(i.tcp_process_refused_data)
    tcp_recv                                 0x080057dd   Thumb Code     6  tcp.o(i.tcp_recv)
    tcp_recv_null                            0x080057e3   Thumb Code    36  tcp.o(i.tcp_recv_null)
    tcp_recved                               0x08005807   Thumb Code    54  tcp.o(i.tcp_recved)
    tcp_rexmit                               0x0800583d   Thumb Code    82  tcp_out.o(i.tcp_rexmit)
    tcp_rexmit_fast                          0x0800588f   Thumb Code    88  tcp_out.o(i.tcp_rexmit_fast)
    tcp_rexmit_rto                           0x080058e7   Thumb Code    46  tcp_out.o(i.tcp_rexmit_rto)
    tcp_rst                                  0x08005915   Thumb Code   118  tcp_out.o(i.tcp_rst)
    tcp_seg_copy                             0x0800598b   Thumb Code    40  tcp.o(i.tcp_seg_copy)
    tcp_seg_free                             0x080059b3   Thumb Code    28  tcp.o(i.tcp_seg_free)
    tcp_segs_free                            0x080059cf   Thumb Code    18  tcp.o(i.tcp_segs_free)
    tcp_send_empty_ack                       0x080059e1   Thumb Code    72  tcp_out.o(i.tcp_send_empty_ack)
    tcp_send_fin                             0x08005a29   Thumb Code    68  tcp_out.o(i.tcp_send_fin)
    tcp_server_accept                        0x08005a6d   Thumb Code    80  tcp_server.o(i.tcp_server_accept)
    tcp_slowtmr                              0x08005c39   Thumb Code   618  tcp.o(i.tcp_slowtmr)
    tcp_timer_needed                         0x08005eb5   Thumb Code    36  lwip_timers.o(i.tcp_timer_needed)
    tcp_tmr                                  0x08005f55   Thumb Code    28  tcp.o(i.tcp_tmr)
    tcp_update_rcv_ann_wnd                   0x08005f75   Thumb Code    52  tcp.o(i.tcp_update_rcv_ann_wnd)
    tcp_write                                0x08005fa9   Thumb Code   740  tcp_out.o(i.tcp_write)
    tcp_zero_window_probe                    0x0800628d   Thumb Code   138  tcp_out.o(i.tcp_zero_window_probe)
    udp_init                                 0x08006351   Thumb Code     2  udp.o(i.udp_init)
    udp_input                                0x08006355   Thumb Code   322  udp.o(i.udp_input)
    AHBPrescTable                            0x080064a4   Data          16  system_stm32f1xx.o(.constdata)
    tcp_persist_backoff                      0x080064b4   Data           7  tcp.o(.constdata)
    tcp_state_str                            0x080064bc   Data          44  tcp.o(.constdata)
    tcp_backoff                              0x080064e8   Data          13  tcp.o(.constdata)
    tcp_pcb_lists                            0x080064f8   Data          16  tcp.o(.constdata)
    ethbroadcast                             0x08006530   Data           6  etharp.o(.constdata)
    ethzero                                  0x08006536   Data           6  etharp.o(.constdata)
    Region$$Table$$Base                      0x080065b4   Number         0  anon$$obj.o(Region$$Table)
    Region$$Table$$Limit                     0x080065d4   Number         0  anon$$obj.o(Region$$Table)
    SystemCoreClock                          0x20000000   Data           4  system_stm32f1xx.o(.data)
    pbuf_free_ooseq_pending                  0x2000000c   Data           1  pbuf.o(.data)
    tcp_active_pcbs_changed                  0x20000010   Data           1  tcp.o(.data)
    tcp_ticks                                0x2000001c   Data           4  tcp.o(.data)
    tcp_bound_pcbs                           0x20000020   Data           4  tcp.o(.data)
    tcp_listen_pcbs                          0x20000024   Data           4  tcp.o(.data)
    tcp_active_pcbs                          0x20000028   Data           4  tcp.o(.data)
    tcp_tw_pcbs                              0x2000002c   Data           4  tcp.o(.data)
    tcp_tmp_pcb                              0x20000030   Data           4  tcp.o(.data)
    netif_list                               0x20000038   Data           4  netif.o(.data)
    netif_default                            0x2000003c   Data           4  netif.o(.data)
    udp_pcbs                                 0x20000044   Data           4  udp.o(.data)
    current_netif                            0x20000058   Data           4  ip.o(.data)
    current_header                           0x2000005c   Data           4  ip.o(.data)
    current_iphdr_src                        0x20000060   Data           4  ip.o(.data)
    current_iphdr_dest                       0x20000064   Data           4  ip.o(.data)
    tcp_input_pcb                            0x2000008c   Data           4  tcp_in.o(.data)
    ipaddr                                   0x2000009c   Data           4  lwip.o(.data)
    netmask                                  0x200000a0   Data           4  lwip.o(.data)
    gw                                       0x200000a4   Data           4  lwip.o(.data)
    IP_ADDRESS                               0x200000a8   Data           4  lwip.o(.data)
    NETMASK_ADDRESS                          0x200000ac   Data           4  lwip.o(.data)
    GATEWAY_ADDRESS                          0x200000b0   Data           4  lwip.o(.data)
    ram_heap                                 0x20002fdf   Data        1620  mem.o(.bss)
    gnetif                                   0x2000370c   Data          48  lwip.o(.bss)
    DMARxDscrTab                             0x2000373c   Data         128  ethernetif.o(.bss)
    DMATxDscrTab                             0x200037bc   Data          64  ethernetif.o(.bss)
    Rx_Buff                                  0x200037fc   Data       12192  ethernetif.o(.bss)
    Tx_Buff                                  0x2000679c   Data        6096  ethernetif.o(.bss)
    heth                                     0x20007f6c   Data          72  ethernetif.o(.bss)
    __initial_sp                             0x200083b8   Data           0  startup_stm32f107xc.o(STACK)



==============================================================================

Memory Map of the image

  Image Entry point : 0x08000151

  Load Region LR_IROM1 (Base: 0x08000000, Size: 0x00006688, Max: 0x00040000, ABSOLUTE)

    Execution Region ER_IROM1 (Base: 0x08000000, Size: 0x000065d4, Max: 0x00040000, ABSOLUTE)

    Base Addr    Size         Type   Attr      Idx    E Section Name        Object

    0x08000000   0x00000150   Data   RO         2329    RESET               startup_stm32f107xc.o
    0x08000150   0x00000000   Code   RO         3772  * .ARM.Collect$$$$00000000  mc_w.l(entry.o)
    0x08000150   0x00000004   Code   RO         3789    .ARM.Collect$$$$00000001  mc_w.l(entry2.o)
    0x08000154   0x00000004   Code   RO         3792    .ARM.Collect$$$$00000004  mc_w.l(entry5.o)
    0x08000158   0x00000000   Code   RO         3794    .ARM.Collect$$$$00000008  mc_w.l(entry7b.o)
    0x08000158   0x00000000   Code   RO         3796    .ARM.Collect$$$$0000000A  mc_w.l(entry8b.o)
    0x08000158   0x00000008   Code   RO         3797    .ARM.Collect$$$$0000000B  mc_w.l(entry9a.o)
    0x08000160   0x00000000   Code   RO         3799    .ARM.Collect$$$$0000000D  mc_w.l(entry10a.o)
    0x08000160   0x00000000   Code   RO         3801    .ARM.Collect$$$$0000000F  mc_w.l(entry11a.o)
    0x08000160   0x00000004   Code   RO         3790    .ARM.Collect$$$$00002712  mc_w.l(entry2.o)
    0x08000164   0x00000024   Code   RO         2330    .text               startup_stm32f107xc.o
    0x08000188   0x00000024   Code   RO         3777    .text               mc_w.l(memcpya.o)
    0x080001ac   0x00000024   Code   RO         3779    .text               mc_w.l(memseta.o)
    0x080001d0   0x0000001a   Code   RO         3783    .text               mc_w.l(memcmp.o)
    0x080001ea   0x0000001e   Code   RO         3785    .text               mc_w.l(strncmp.o)
    0x08000208   0x00000024   Code   RO         3803    .text               mc_w.l(init.o)
    0x0800022c   0x00000002   Code   RO         3561    i.BusFault_Handler  stm32f1xx_it.o
    0x0800022e   0x00000002   Code   RO         3562    i.DebugMon_Handler  stm32f1xx_it.o
    0x08000230   0x0000002e   Code   RO         2471    i.ETH_FlushTransmitFIFO  stm32f1xx_hal_eth.o
    0x0800025e   0x00000002   PAD
    0x08000260   0x0000000c   Code   RO         3563    i.ETH_IRQHandler    stm32f1xx_it.o
    0x0800026c   0x00000124   Code   RO         2472    i.ETH_MACDMAConfig  stm32f1xx_hal_eth.o
    0x08000390   0x0000000c   Code   RO         3564    i.ETH_WKUP_IRQHandler  stm32f1xx_it.o
    0x0800039c   0x00000016   Code   RO         2344    i.HAL_Delay         stm32f1xx_hal.o
    0x080003b2   0x00000074   Code   RO         2475    i.HAL_ETH_DMARxDescListInit  stm32f1xx_hal_eth.o
    0x08000426   0x00000078   Code   RO         2476    i.HAL_ETH_DMATxDescListInit  stm32f1xx_hal_eth.o
    0x0800049e   0x00000002   Code   RO         2478    i.HAL_ETH_ErrorCallback  stm32f1xx_hal_eth.o
    0x080004a0   0x0000007a   Code   RO         2479    i.HAL_ETH_GetReceivedFrame  stm32f1xx_hal_eth.o
    0x0800051a   0x0000007a   Code   RO         2482    i.HAL_ETH_IRQHandler  stm32f1xx_hal_eth.o
    0x08000594   0x00000228   Code   RO         2483    i.HAL_ETH_Init      stm32f1xx_hal_eth.o
    0x080007bc   0x000000d8   Code   RO         3650    i.HAL_ETH_MspInit   ethernetif.o
    0x08000894   0x000000cc   Code   RO         2486    i.HAL_ETH_ReadPHYRegister  stm32f1xx_hal_eth.o
    0x08000960   0x00000002   Code   RO         2487    i.HAL_ETH_RxCpltCallback  stm32f1xx_hal_eth.o
    0x08000962   0x00000084   Code   RO         2488    i.HAL_ETH_Start     stm32f1xx_hal_eth.o
    0x080009e6   0x00000108   Code   RO         2490    i.HAL_ETH_TransmitFrame  stm32f1xx_hal_eth.o
    0x08000aee   0x00000002   Code   RO         2491    i.HAL_ETH_TxCpltCallback  stm32f1xx_hal_eth.o
    0x08000af0   0x000000c4   Code   RO         2492    i.HAL_ETH_WritePHYRegister  stm32f1xx_hal_eth.o
    0x08000bb4   0x00000318   Code   RO         2992    i.HAL_GPIO_Init     stm32f1xx_hal_gpio.o
    0x08000ecc   0x0000000c   Code   RO         2348    i.HAL_GetTick       stm32f1xx_hal.o
    0x08000ed8   0x00000010   Code   RO         2349    i.HAL_IncTick       stm32f1xx_hal.o
    0x08000ee8   0x00000024   Code   RO         2350    i.HAL_Init          stm32f1xx_hal.o
    0x08000f0c   0x00000022   Code   RO         2351    i.HAL_InitTick      stm32f1xx_hal.o
    0x08000f2e   0x00000002   PAD
    0x08000f30   0x00000080   Code   RO         3454    i.HAL_MspInit       stm32f1xx_hal_msp.o
    0x08000fb0   0x00000060   Code   RO         3057    i.HAL_NVIC_EnableIRQ  stm32f1xx_hal_cortex.o
    0x08001010   0x000000a0   Code   RO         3063    i.HAL_NVIC_SetPriority  stm32f1xx_hal_cortex.o
    0x080010b0   0x00000080   Code   RO         3064    i.HAL_NVIC_SetPriorityGrouping  stm32f1xx_hal_cortex.o
    0x08001130   0x0000028c   Code   RO         3353    i.HAL_RCC_ClockConfig  stm32f1xx_hal_rcc.o
    0x080013bc   0x0000000c   Code   RO         3358    i.HAL_RCC_GetHCLKFreq  stm32f1xx_hal_rcc.o
    0x080013c8   0x000000dc   Code   RO         3362    i.HAL_RCC_GetSysClockFreq  stm32f1xx_hal_rcc.o
    0x080014a4   0x000000e0   Code   RO         3363    i.HAL_RCC_MCOConfig  stm32f1xx_hal_rcc.o
    0x08001584   0x0000092e   Code   RO         3365    i.HAL_RCC_OscConfig  stm32f1xx_hal_rcc.o
    0x08001eb2   0x00000002   PAD
    0x08001eb4   0x00000064   Code   RO         3066    i.HAL_SYSTICK_CLKSourceConfig  stm32f1xx_hal_cortex.o
    0x08001f18   0x00000002   Code   RO         3067    i.HAL_SYSTICK_Callback  stm32f1xx_hal_cortex.o
    0x08001f1a   0x00000028   Code   RO         3068    i.HAL_SYSTICK_Config  stm32f1xx_hal_cortex.o
    0x08001f42   0x00000008   Code   RO         3069    i.HAL_SYSTICK_IRQHandler  stm32f1xx_hal_cortex.o
    0x08001f4a   0x00000002   Code   RO         3565    i.HardFault_Handler  stm32f1xx_it.o
    0x08001f4c   0x000000a8   Code   RO         3478    i.MX_LWIP_Init      lwip.o
    0x08001ff4   0x00000014   Code   RO         3479    i.MX_LWIP_Process   lwip.o
    0x08002008   0x00000002   Code   RO         3566    i.MemManage_Handler  stm32f1xx_it.o
    0x0800200a   0x00000002   Code   RO         3567    i.NMI_Handler       stm32f1xx_it.o
    0x0800200c   0x00000020   Code   RO         3070    i.NVIC_SetPriority  stm32f1xx_hal_cortex.o
    0x0800202c   0x00000002   Code   RO         3568    i.PendSV_Handler    stm32f1xx_it.o
    0x0800202e   0x00000002   Code   RO         3569    i.SVC_Handler       stm32f1xx_it.o
    0x08002030   0x0000000e   Code   RO         3570    i.SysTick_Handler   stm32f1xx_it.o
    0x0800203e   0x00000002   PAD
    0x08002040   0x00000090   Code   RO         3519    i.SystemClock_Config  main.o
    0x080020d0   0x00000054   Code   RO            5    i.SystemInit        system_stm32f1xx.o
    0x08002124   0x00000038   Code   RO         3721    i.TCP_server_init   tcp_server.o
    0x0800215c   0x00000002   Code   RO         3571    i.UsageFault_Handler  stm32f1xx_it.o
    0x0800215e   0x0000000e   Code   RO         3807    i.__scatterload_copy  mc_w.l(handlers.o)
    0x0800216c   0x00000002   Code   RO         3808    i.__scatterload_null  mc_w.l(handlers.o)
    0x0800216e   0x0000000e   Code   RO         3809    i.__scatterload_zeroinit  mc_w.l(handlers.o)
    0x0800217c   0x0000001c   Code   RO         1232    i.arp_timer         lwip_timers.o
    0x08002198   0x00000002   Code   RO         3521    i.assert_failed     main.o
    0x0800219a   0x000000bc   Code   RO         1925    i.etharp_arp_input  etharp.o
    0x08002256   0x00000002   PAD
    0x08002258   0x00000030   Code   RO         1926    i.etharp_cleanup_netif  etharp.o
    0x08002288   0x000000dc   Code   RO         1928    i.etharp_find_entry  etharp.o
    0x08002364   0x00000024   Code   RO         1929    i.etharp_free_entry  etharp.o
    0x08002388   0x00000104   Code   RO         1930    i.etharp_output     etharp.o
    0x0800248c   0x00000044   Code   RO         1931    i.etharp_output_to_arp_index  etharp.o
    0x080024d0   0x000000ec   Code   RO         1932    i.etharp_query      etharp.o
    0x080025bc   0x000000a0   Code   RO         1933    i.etharp_raw        etharp.o
    0x0800265c   0x00000024   Code   RO         1934    i.etharp_request    etharp.o
    0x08002680   0x00000020   Code   RO         1935    i.etharp_send_ip    etharp.o
    0x080026a0   0x00000048   Code   RO         1936    i.etharp_tmr        etharp.o
    0x080026e8   0x0000007c   Code   RO         1937    i.etharp_update_arp_entry  etharp.o
    0x08002764   0x00000090   Code   RO         1938    i.ethernet_input    etharp.o
    0x080027f4   0x00000028   Code   RO         3651    i.ethernetif_init   ethernetif.o
    0x0800281c   0x00000022   Code   RO         3652    i.ethernetif_input  ethernetif.o
    0x0800283e   0x00000008   Code   RO         1056    i.icmp_dest_unreach  icmp.o
    0x08002846   0x00000002   PAD
    0x08002848   0x000000fc   Code   RO         1057    i.icmp_input        icmp.o
    0x08002944   0x00000064   Code   RO         1058    i.icmp_send_response  icmp.o
    0x080029a8   0x00000008   Code   RO         1059    i.icmp_time_exceeded  icmp.o
    0x080029b0   0x0000000c   Code   RO         1333    i.inet_chksum       inet_chksum.o
    0x080029bc   0x00000048   Code   RO         1334    i.inet_chksum_pbuf  inet_chksum.o
    0x08002a04   0x0000002e   Code   RO          178    i.ip4_addr_isbroadcast  ip_addr.o
    0x08002a32   0x00000002   PAD
    0x08002a34   0x00000164   Code   RO          326    i.ip_frag           ip_frag.o
    0x08002b98   0x00000008   Code   RO          327    i.ip_frag_free_pbuf_custom_ref  ip_frag.o
    0x08002ba0   0x0000015c   Code   RO         1383    i.ip_input          ip.o
    0x08002cfc   0x00000034   Code   RO         1384    i.ip_output         ip.o
    0x08002d30   0x000000a8   Code   RO         1385    i.ip_output_if      ip.o
    0x08002dd8   0x0000018c   Code   RO          328    i.ip_reass          ip_frag.o
    0x08002f64   0x000000e8   Code   RO          329    i.ip_reass_chain_frag_into_datagram_and_validate  ip_frag.o
    0x0800304c   0x00000024   Code   RO          330    i.ip_reass_dequeue_datagram  ip_frag.o
    0x08003070   0x00000070   Code   RO          331    i.ip_reass_free_complete_datagram  ip_frag.o
    0x080030e0   0x0000006c   Code   RO          332    i.ip_reass_remove_oldest_datagram  ip_frag.o
    0x0800314c   0x0000001c   Code   RO         1233    i.ip_reass_timer    lwip_timers.o
    0x08003168   0x0000002c   Code   RO          333    i.ip_reass_tmr      ip_frag.o
    0x08003194   0x00000040   Code   RO         1386    i.ip_route          ip.o
    0x080031d4   0x00000016   Code   RO          334    i.ipfrag_free_pbuf_custom  ip_frag.o
    0x080031ea   0x00000002   PAD
    0x080031ec   0x000000f4   Code   RO         3653    i.low_level_init    ethernetif.o
    0x080032e0   0x000000bc   Code   RO         3654    i.low_level_input   ethernetif.o
    0x0800339c   0x000000a8   Code   RO         3655    i.low_level_output  ethernetif.o
    0x08003444   0x00000004   Code   RO         2288    i.lwip_htonl        def.o
    0x08003448   0x00000004   Code   RO         2289    i.lwip_htons        def.o
    0x0800344c   0x0000001e   Code   RO         2082    i.lwip_init         init.o
    0x0800346a   0x00000004   Code   RO         2290    i.lwip_ntohl        def.o
    0x0800346e   0x00000004   Code   RO         2291    i.lwip_ntohs        def.o
    0x08003472   0x00000002   PAD
    0x08003474   0x00000058   Code   RO         1337    i.lwip_standard_chksum  inet_chksum.o
    0x080034cc   0x00000068   Code   RO         3522    i.main              main.o
    0x08003534   0x0000001a   Code   RO         1692    i.mem_calloc        mem.o
    0x0800354e   0x00000002   PAD
    0x08003550   0x0000002c   Code   RO         1693    i.mem_free          mem.o
    0x0800357c   0x00000034   Code   RO         1694    i.mem_init          mem.o
    0x080035b0   0x000000a8   Code   RO         1695    i.mem_malloc        mem.o
    0x08003658   0x000000cc   Code   RO         1696    i.mem_trim          mem.o
    0x08003724   0x00000018   Code   RO         1599    i.memp_free         memp.o
    0x0800373c   0x00000058   Code   RO         1600    i.memp_init         memp.o
    0x08003794   0x00000020   Code   RO         1601    i.memp_malloc       memp.o
    0x080037b4   0x00000048   Code   RO          940    i.netif_add         netif.o
    0x080037fc   0x00000002   Code   RO          942    i.netif_init        netif.o
    0x080037fe   0x00000020   Code   RO          944    i.netif_set_addr    netif.o
    0x0800381e   0x00000002   PAD
    0x08003820   0x0000000c   Code   RO          945    i.netif_set_default  netif.o
    0x0800382c   0x0000001a   Code   RO          946    i.netif_set_down    netif.o
    0x08003846   0x00000008   Code   RO          947    i.netif_set_gw      netif.o
    0x0800384e   0x00000002   PAD
    0x08003850   0x00000068   Code   RO          948    i.netif_set_ipaddr  netif.o
    0x080038b8   0x00000008   Code   RO          951    i.netif_set_netmask  netif.o
    0x080038c0   0x00000020   Code   RO          952    i.netif_set_up      netif.o
    0x080038e0   0x00000128   Code   RO          500    i.pbuf_alloc        pbuf.o
    0x08003a08   0x00000054   Code   RO          501    i.pbuf_alloced_custom  pbuf.o
    0x08003a5c   0x00000028   Code   RO          502    i.pbuf_cat          pbuf.o
    0x08003a84   0x00000012   Code   RO          504    i.pbuf_clen         pbuf.o
    0x08003a96   0x0000009a   Code   RO          506    i.pbuf_copy         pbuf.o
    0x08003b30   0x00000068   Code   RO          507    i.pbuf_copy_partial  pbuf.o
    0x08003b98   0x00000050   Code   RO          509    i.pbuf_free         pbuf.o
    0x08003be8   0x0000002c   Code   RO          510    i.pbuf_free_ooseq   pbuf.o
    0x08003c14   0x00000060   Code   RO          512    i.pbuf_header       pbuf.o
    0x08003c74   0x0000004e   Code   RO          515    i.pbuf_realloc      pbuf.o
    0x08003cc2   0x0000000c   Code   RO          516    i.pbuf_ref          pbuf.o
    0x08003cce   0x00000002   PAD
    0x08003cd0   0x00000054   Code   RO         1697    i.plug_holes        mem.o
    0x08003d24   0x00000074   Code   RO         2150    i.raw_input         raw.o
    0x08003d98   0x00000058   Code   RO         1234    i.sys_check_timeouts  lwip_timers.o
    0x08003df0   0x00000004   Code   RO         3657    i.sys_now           ethernetif.o
    0x08003df4   0x0000005c   Code   RO         1236    i.sys_timeout       lwip_timers.o
    0x08003e50   0x00000030   Code   RO         1237    i.sys_timeouts_init  lwip_timers.o
    0x08003e80   0x00000094   Code   RO          655    i.tcp_abandon       tcp.o
    0x08003f14   0x00000006   Code   RO          656    i.tcp_abort         tcp.o
    0x08003f1a   0x00000004   Code   RO          657    i.tcp_accept        tcp.o
    0x08003f1e   0x00000006   Code   RO          658    i.tcp_accept_null   tcp.o
    0x08003f24   0x000000f8   Code   RO          659    i.tcp_alloc         tcp.o
    0x0800401c   0x00000004   Code   RO          660    i.tcp_arg           tcp.o
    0x08004020   0x00000084   Code   RO          661    i.tcp_bind          tcp.o
    0x080040a4   0x00000014   Code   RO          662    i.tcp_close         tcp.o
    0x080040b8   0x00000124   Code   RO          663    i.tcp_close_shutdown  tcp.o
    0x080041dc   0x0000009a   Code   RO         1495    i.tcp_create_segment  tcp_out.o
    0x08004276   0x00000020   Code   RO          666    i.tcp_eff_send_mss  tcp.o
    0x08004296   0x000000a6   Code   RO         1496    i.tcp_enqueue_flags  tcp_out.o
    0x0800433c   0x00000060   Code   RO          668    i.tcp_fasttmr       tcp.o
    0x0800439c   0x00000002   Code   RO          669    i.tcp_init          tcp.o
    0x0800439e   0x00000002   PAD
    0x080043a0   0x00000310   Code   RO         1860    i.tcp_input         tcp_in.o
    0x080046b0   0x0000003c   Code   RO         1497    i.tcp_keepalive     tcp_out.o
    0x080046ec   0x000000e4   Code   RO         1861    i.tcp_listen_input  tcp_in.o
    0x080047d0   0x00000088   Code   RO          670    i.tcp_listen_with_backlog  tcp.o
    0x08004858   0x00000006   Code   RO          671    i.tcp_new           tcp.o
    0x0800485e   0x00000002   PAD
    0x08004860   0x0000005c   Code   RO          672    i.tcp_new_port      tcp.o
    0x080048bc   0x00000010   Code   RO          673    i.tcp_next_iss      tcp.o
    0x080048cc   0x00000078   Code   RO         1862    i.tcp_oos_insert_segment  tcp_in.o
    0x08004944   0x0000018c   Code   RO         1498    i.tcp_output        tcp_out.o
    0x08004ad0   0x0000006a   Code   RO         1499    i.tcp_output_alloc_header  tcp_out.o
    0x08004b3a   0x00000002   PAD
    0x08004b3c   0x000000b0   Code   RO         1500    i.tcp_output_segment  tcp_out.o
    0x08004bec   0x00000080   Code   RO         1863    i.tcp_parseopt      tcp_in.o
    0x08004c6c   0x0000004e   Code   RO         1501    i.tcp_pbuf_prealloc  tcp_out.o
    0x08004cba   0x00000042   Code   RO          674    i.tcp_pcb_purge     tcp.o
    0x08004cfc   0x00000058   Code   RO          675    i.tcp_pcb_remove    tcp.o
    0x08004d54   0x00000334   Code   RO         1864    i.tcp_process       tcp_in.o
    0x08005088   0x00000068   Code   RO          677    i.tcp_process_refused_data  tcp.o
    0x080050f0   0x000006ec   Code   RO         1865    i.tcp_receive       tcp_in.o
    0x080057dc   0x00000006   Code   RO          678    i.tcp_recv          tcp.o
    0x080057e2   0x00000024   Code   RO          679    i.tcp_recv_null     tcp.o
    0x08005806   0x00000036   Code   RO          680    i.tcp_recved        tcp.o
    0x0800583c   0x00000052   Code   RO         1502    i.tcp_rexmit        tcp_out.o
    0x0800588e   0x00000058   Code   RO         1503    i.tcp_rexmit_fast   tcp_out.o
    0x080058e6   0x0000002e   Code   RO         1504    i.tcp_rexmit_rto    tcp_out.o
    0x08005914   0x00000076   Code   RO         1505    i.tcp_rst           tcp_out.o
    0x0800598a   0x00000028   Code   RO          681    i.tcp_seg_copy      tcp.o
    0x080059b2   0x0000001c   Code   RO          682    i.tcp_seg_free      tcp.o
    0x080059ce   0x00000012   Code   RO          683    i.tcp_segs_free     tcp.o
    0x080059e0   0x00000048   Code   RO         1506    i.tcp_send_empty_ack  tcp_out.o
    0x08005a28   0x00000044   Code   RO         1507    i.tcp_send_fin      tcp_out.o
    0x08005a6c   0x0000007c   Code   RO         3722    i.tcp_server_accept  tcp_server.o
    0x08005ae8   0x00000150   Code   RO         3723    i.tcp_server_recv   tcp_server.o
    0x08005c38   0x0000027c   Code   RO          687    i.tcp_slowtmr       tcp.o
    0x08005eb4   0x00000034   Code   RO         1239    i.tcp_timer_needed  lwip_timers.o
    0x08005ee8   0x0000006c   Code   RO         1866    i.tcp_timewait_input  tcp_in.o
    0x08005f54   0x00000020   Code   RO          688    i.tcp_tmr           tcp.o
    0x08005f74   0x00000034   Code   RO          689    i.tcp_update_rcv_ann_wnd  tcp.o
    0x08005fa8   0x000002e4   Code   RO         1508    i.tcp_write         tcp_out.o
    0x0800628c   0x0000008a   Code   RO         1509    i.tcp_zero_window_probe  tcp_out.o
    0x08006316   0x00000002   PAD
    0x08006318   0x00000038   Code   RO         1240    i.tcpip_tcp_timer   lwip_timers.o
    0x08006350   0x00000002   Code   RO         1139    i.udp_init          udp.o
    0x08006352   0x00000002   PAD
    0x08006354   0x00000150   Code   RO         1140    i.udp_input         udp.o
    0x080064a4   0x00000010   Data   RO            6    .constdata          system_stm32f1xx.o
    0x080064b4   0x00000054   Data   RO          690    .constdata          tcp.o
    0x08006508   0x00000028   Data   RO         1603    .constdata          memp.o
    0x08006530   0x0000000c   Data   RO         1940    .constdata          etharp.o
    0x0800653c   0x00000075   Data   RO          691    .conststring        tcp.o
    0x080065b1   0x00000003   PAD
    0x080065b4   0x00000020   Data   RO         3805    Region$$Table       anon$$obj.o


    Execution Region RW_IRAM1 (Base: 0x20000000, Size: 0x000083b8, Max: 0x00010000, ABSOLUTE)

    Base Addr    Size         Type   Attr      Idx    E Section Name        Object

    0x20000000   0x00000004   Data   RW            8    .data               system_stm32f1xx.o
    0x20000004   0x00000008   Data   RW          335    .data               ip_frag.o
    0x2000000c   0x00000001   Data   RW          519    .data               pbuf.o
    0x2000000d   0x00000003   PAD
    0x20000010   0x00000024   Data   RW          692    .data               tcp.o
    0x20000034   0x0000000c   Data   RW          953    .data               netif.o
    0x20000040   0x00000008   Data   RW         1147    .data               udp.o
    0x20000048   0x0000000c   Data   RW         1241    .data               lwip_timers.o
    0x20000054   0x00000014   Data   RW         1387    .data               ip.o
    0x20000068   0x0000000c   Data   RW         1699    .data               mem.o
    0x20000074   0x0000001c   Data   RW         1868    .data               tcp_in.o
    0x20000090   0x00000001   Data   RW         1941    .data               etharp.o
    0x20000091   0x00000003   PAD
    0x20000094   0x00000004   Data   RW         2156    .data               raw.o
    0x20000098   0x00000004   Data   RW         2356    .data               stm32f1xx_hal.o
    0x2000009c   0x00000018   Data   RW         3481    .data               lwip.o
    0x200000b4   0x00002f2b   Zero   RW         1602    .bss                memp.o
    0x20002fdf   0x00000654   Zero   RW         1698    .bss                mem.o
    0x20003633   0x00000001   PAD
    0x20003634   0x00000010   Zero   RW         1867    .bss                tcp_in.o
    0x20003644   0x000000c8   Zero   RW         1939    .bss                etharp.o
    0x2000370c   0x00000030   Zero   RW         3480    .bss                lwip.o
    0x2000373c   0x00004878   Zero   RW         3658    .bss                ethernetif.o
    0x20007fb4   0x00000004   PAD
    0x20007fb8   0x00000400   Zero   RW         2327    STACK               startup_stm32f107xc.o


==============================================================================

Image component sizes


      Code (inc. data)   RO Data    RW Data    ZI Data      Debug   Object Name

        16          0          0          0          0       2624   def.o
      1624         62         12          1        200      14712   etharp.o
       894         62          0          0      18552       6202   ethernetif.o
       368         10          0          0          0       3678   icmp.o
         0          0          0          0          0        812   igmp.o
         0          0          0          0          0       3900   inet.o
       172          0          0          0          0       2893   inet_chksum.o
        30          0          0          0          0        552   init.o
       632         24          0         20          0       8425   ip.o
        46          0          0          0          0       9168   ip_addr.o
      1314         30          0          8          0      15552   ip_frag.o
       188         22          0         24         48       1919   lwip.o
       392         68          0         12          0       5354   lwip_timers.o
       250         16          0          0          0       2337   main.o
       578         30          0         12       1620       5914   mem.o
       144         20         40          0      12075       3486   memp.o
       296         18          0         12          0      17424   netif.o
      1006         14          0          1          0      20659   pbuf.o
       116         12          0          4          0       1732   raw.o
         0          0          0          0          0       5623   slipif.o
        36          8        336          0       1024        796   startup_stm32f107xc.o
       120         16          0          4          0       3786   stm32f1xx_hal.o
       566        256          0          0          0      27809   stm32f1xx_hal_cortex.o
      2172        214          0          0          0      12894   stm32f1xx_hal_eth.o
       792        128          0          0          0       2612   stm32f1xx_hal_gpio.o
       128         10          0          0          0        894   stm32f1xx_hal_msp.o
      3458        260          0          0          0       6230   stm32f1xx_hal_rcc.o
        54         12          0          0          0       4949   stm32f1xx_it.o
        84         16         16          4          0     654171   system_stm32f1xx.o
      2400         96        201         36          0      30669   tcp.o
      3960        132          0         28         16      18267   tcp_in.o
      2488         10          0          0          0      15903   tcp_out.o
       516         86          0          0          0       7640   tcp_server.o
       338         14          0          8          0       4451   udp.o

    ----------------------------------------------------------------------
     25214       1646        640        180      33540     924037   Object Totals
         0          0         32          0          0          0   (incl. Generated)
        36          0          3          6          5          0   (incl. Padding)

    ----------------------------------------------------------------------

      Code (inc. data)   RO Data    RW Data    ZI Data      Debug   Library Member Name

         0          0          0          0          0          0   entry.o
         0          0          0          0          0          0   entry10a.o
         0          0          0          0          0          0   entry11a.o
         8          4          0          0          0          0   entry2.o
         4          0          0          0          0          0   entry5.o
         0          0          0          0          0          0   entry7b.o
         0          0          0          0          0          0   entry8b.o
         8          4          0          0          0          0   entry9a.o
        30          0          0          0          0          0   handlers.o
        36          8          0          0          0         68   init.o
        26          0          0          0          0         80   memcmp.o
        36          0          0          0          0         68   memcpya.o
        36          0          0          0          0        108   memseta.o
        30          0          0          0          0         80   strncmp.o

    ----------------------------------------------------------------------
       214         16          0          0          0        404   Library Totals
         0          0          0          0          0          0   (incl. Padding)

    ----------------------------------------------------------------------

      Code (inc. data)   RO Data    RW Data    ZI Data      Debug   Library Name

       214         16          0          0          0        404   mc_w.l

    ----------------------------------------------------------------------
       214         16          0          0          0        404   Library Totals

    ----------------------------------------------------------------------

==============================================================================


      Code (inc. data)   RO Data    RW Data    ZI Data      Debug   

     25428       1662        640        180      33540     914869   Grand Totals
     25428       1662        640        180      33540     914869   ELF Image Totals
     25428       1662        640        180          0          0   ROM Totals

==============================================================================

    Total RO  Size (Code + RO Data)                26068 (  25.46kB)
    Total RW  Size (RW Data + ZI Data)             33720 (  32.93kB)
    Total ROM Size (Code + RO Data + RW Data)      26248 (  25.63kB)

==============================================================================

